 cap

 Timestamp is 5bddc9f6 (Sat Nov  3 17:16:54 2018)

 Preferred load address is 0000000180000000

 Start         Length     Name                   Class
 0001:00000000 00000060H .text$di                CODE
 0001:00000060 0001a070H .text$mn                CODE
 0001:0001a0d0 00000020H .text$mn$00             CODE
 0001:0001a0f0 000003d0H .text$x                 CODE
 0001:0001a4c0 00000023H .text$yd                CODE
 0002:00000000 00000328H .idata$5                DATA
 0002:00000328 00000010H .00cfg                  DATA
 0002:00000338 00000008H .CRT$XCA                DATA
 0002:00000340 00000020H .CRT$XCU                DATA
 0002:00000360 00000008H .CRT$XCZ                DATA
 0002:00000368 00000008H .CRT$XIA                DATA
 0002:00000370 00000018H .CRT$XIC                DATA
 0002:00000388 00000008H .CRT$XIZ                DATA
 0002:00000390 00000008H .CRT$XPA                DATA
 0002:00000398 00000010H .CRT$XPX                DATA
 0002:000003a8 00000008H .CRT$XPXA               DATA
 0002:000003b0 00000008H .CRT$XPZ                DATA
 0002:000003b8 00000008H .CRT$XTA                DATA
 0002:000003c0 00000010H .CRT$XTZ                DATA
 0002:000003c8 00000000H .gfids$y                DATA
 0002:000003d0 00008bc8H .rdata                  DATA
 0002:00008f98 00000274H .rdata$r                DATA
 0002:0000920c 000003ccH .rdata$zzzdbg           DATA
 0002:000095d8 00000008H .rtc$IAA                DATA
 0002:000095e0 00000008H .rtc$IZZ                DATA
 0002:000095e8 00000008H .rtc$TAA                DATA
 0002:000095f0 00000008H .rtc$TZZ                DATA
 0002:000095f8 000014b8H .xdata                  DATA
 0002:0000aab0 0000014cH .xdata$x                DATA
 0002:0000abfc 00000020H .didat$2                DATA
 0002:0000ac1c 00000024H .didat$3                DATA
 0002:0000ac40 000001d8H .didat$4                DATA
 0002:0000ae18 00000e60H .didat$6                DATA
 0002:0000bc78 000001d8H .didat$7                DATA
 0002:0000be50 0000004cH .edata                  DATA
 0002:0000be9c 0000003cH .idata$2                DATA
 0002:0000bed8 00000018H .idata$3                DATA
 0002:0000bef0 00000328H .idata$4                DATA
 0002:0000c218 0000073cH .idata$6                DATA
 0003:00000000 00000970H .data                   DATA
 0003:00000970 000000c8H .data$r                 DATA
 0003:00000a38 000001d8H .didat$5                DATA
 0003:00000c10 00001244H .bss                    DATA
 0004:00000000 00001878H .pdata                  DATA
 0005:00000000 00000060H .rsrc$01                DATA
 0005:00000060 00000180H .rsrc$02                DATA

  Address         Publics by Value              Rva+Base               Lib:Object

 0000:00000000       __guard_fids_count         0000000000000000     <absolute>
 0000:00000000       __guard_longjmp_count      0000000000000000     <absolute>
 0000:00000000       __hybrid_code_map          0000000000000000     <absolute>
 0000:00000000       __guard_iat_count          0000000000000000     <absolute>
 0000:00000000       __guard_longjmp_table      0000000000000000     <absolute>
 0000:00000000       __volatile_metadata        0000000000000000     <absolute>
 0000:00000000       __guard_iat_table          0000000000000000     <absolute>
 0000:00000000       __hybrid_code_map_count    0000000000000000     <absolute>
 0000:00000000       __enclave_config           0000000000000000     <absolute>
 0000:00000000       ___safe_se_handler_count   0000000000000000     <absolute>
 0000:00000000       ___safe_se_handler_table   0000000000000000     <absolute>
 0000:00000000       __guard_fids_table         0000000000000000     <absolute>
 0000:00000000       __hybrid_auxiliary_iat     0000000000000000     <absolute>
 0000:00000000       __dynamic_value_reloc_table 0000000000000000     <absolute>
 0000:00000100       __guard_flags              0000000000000100     <absolute>
 0000:00000000       __ImageBase                0000000180000000     <linker-defined>
 0001:00000060       __local_stdio_printf_options 0000000180001060 f i binding.obj
 0001:00000070       fprintf                    0000000180001070 f i binding.obj
 0001:000000c0       snprintf                   00000001800010c0 f i binding.obj
 0001:000001f0       ?New@?$Factory@VFunctionTemplate@v8@@@imp@Nan@@SA?AV?$Local@VFunctionTemplate@v8@@@v8@@P6AXAEBV?$FunctionCallbackInfo@VValue@v8@@@3@@ZV?$Local@VValue@v8@@@5@V?$Local@VSignature@v8@@@5@@Z 00000001800011f0 f i binding.obj
 0001:000003a0       ?ThrowError@Nan@@YAXPEBD@Z 00000001800013a0 f i binding.obj
 0001:00000430       ?ThrowTypeError@Nan@@YAXPEBD@Z 0000000180001430 f i binding.obj
 0001:000004c0       ?SetPrototypeMethod@Nan@@YAXV?$Local@VFunctionTemplate@v8@@@v8@@PEBDP6AXAEBV?$FunctionCallbackInfo@VValue@v8@@@1@@Z@Z 00000001800014c0 f i binding.obj
 0001:000005a0       ?Ref@ObjectWrap@Nan@@MEAAXXZ 00000001800015a0 f i binding.obj
 0001:000005e0       ?Unref@ObjectWrap@Nan@@MEAAXXZ 00000001800015e0 f i binding.obj
 0001:00000690       ?WeakCallback@ObjectWrap@Nan@@CAXAEBV?$WeakCallbackInfo@VObjectWrap@Nan@@@v8@@@Z 0000000180001690 f i binding.obj
 0001:00000720       ??_GObjectWrap@Nan@@UEAAPEAXI@Z 0000000180001720 f i binding.obj
 0001:00000720       ??_EObjectWrap@Nan@@UEAAPEAXI@Z 0000000180001720 f i * CIL library *:* CIL module *
 0001:000007b0       ?SetAddrStringHelper@@YAXPEBDPEAUsockaddr@@V?$Local@VObject@v8@@@v8@@@Z 00000001800017b0 f   binding.obj
 0001:00000930       ?cleanup@Pcap@@QEAAXXZ     0000000180001930 f i binding.obj
 0001:00000a40       ?EmitPacket@Pcap@@SAXPEAEPEBUpcap_pkthdr@@PEBE@Z 0000000180001a40 f i binding.obj
 0001:00000bd0       ?cb_packets@Pcap@@SAXPEAUuv_async_s@@@Z 0000000180001bd0 f i binding.obj
 0001:00000c40       ?OnPacket@Pcap@@SAXPEAXE@Z 0000000180001c40 f i binding.obj
 0001:00000ca0       _guard_check_icall_nop     0000000180001ca0 f i LIBCMT:guard_support.obj
 0001:00000ca0       ?cb_close@Pcap@@SAXPEAUuv_handle_s@@@Z 0000000180001ca0 f i binding.obj
 0001:00000cb0       ?New@Pcap@@SAXAEBV?$FunctionCallbackInfo@VValue@v8@@@Nan@@@Z 0000000180001cb0 f i binding.obj
 0001:00000f00       ?Send@Pcap@@SAXAEBV?$FunctionCallbackInfo@VValue@v8@@@Nan@@@Z 0000000180001f00 f i binding.obj
 0001:00001080       ?Open@Pcap@@SAXAEBV?$FunctionCallbackInfo@VValue@v8@@@Nan@@@Z 0000000180002080 f i binding.obj
 0001:000017e0       ?WIN_SetMin@Pcap@@SAXAEBV?$FunctionCallbackInfo@VValue@v8@@@Nan@@@Z 00000001800027e0 f i binding.obj
 0001:000018b0       ?Close@Pcap@@SAXAEBV?$FunctionCallbackInfo@VValue@v8@@@Nan@@@Z 00000001800028b0 f i binding.obj
 0001:00001970       ?Initialize@Pcap@@SAXV?$Local@VObject@v8@@@v8@@@Z 0000000180002970 f i binding.obj
 0001:00001ca0       ??_GPcap@@UEAAPEAXI@Z      0000000180002ca0 f i binding.obj
 0001:00001ca0       ??_EPcap@@UEAAPEAXI@Z      0000000180002ca0 f i * CIL library *:* CIL module *
 0001:00002760       init                       0000000180003760 f   binding.obj
 0001:000028a0       ??$Unwrap@VPcap@@@ObjectWrap@Nan@@SAPEAVPcap@@V?$Local@VObject@v8@@@v8@@@Z 00000001800038a0 f i binding.obj
 0001:0000296c       __imp_load_?Value@External@v8@@QEBAPEAXXZ 000000018000396c f   node:node.exe
 0001:00002978       __tailMerge_node_exe       0000000180003978     node:node.exe
 0001:000029f1       __imp_load_?New@External@v8@@SA?AV?$Local@VExternal@v8@@@2@PEAVIsolate@2@PEAX@Z 00000001800039f1 f   node:node.exe
 0001:000029fd       __imp_load_?New@Integer@v8@@SA?AV?$Local@VInteger@v8@@@2@PEAVIsolate@2@H@Z 00000001800039fd f   node:node.exe
 0001:00002a09       __imp_load_?New@Signature@v8@@SA?AV?$Local@VSignature@v8@@@2@PEAVIsolate@2@V?$Local@VFunctionTemplate@v8@@@2@@Z 0000000180003a09 f   node:node.exe
 0001:00002a15       __imp_load_?ThrowException@Isolate@v8@@QEAA?AV?$Local@VValue@v8@@@2@V32@@Z 0000000180003a15 f   node:node.exe
 0001:00002a21       __imp_load_?GetCurrentContext@Isolate@v8@@QEAA?AV?$Local@VContext@v8@@@2@XZ 0000000180003a21 f   node:node.exe
 0001:00002a2d       __imp_load_?GetCurrent@Isolate@v8@@SAPEAV12@XZ 0000000180003a2d f   node:node.exe
 0001:00002a39       __imp_load_?CreateHandle@HandleScope@v8@@KAPEAPEAVObject@internal@2@PEAVIsolate@42@PEAV342@@Z 0000000180003a39 f   node:node.exe
 0001:00002a45       __imp_load_?CreateHandle@HandleScope@v8@@CAPEAPEAVObject@internal@2@PEAVHeapObject@42@PEAV342@@Z 0000000180003a45 f   node:node.exe
 0001:00002a51       __imp_load_??1HandleScope@v8@@QEAA@XZ 0000000180003a51 f   node:node.exe
 0001:00002a5d       __imp_load_??0HandleScope@v8@@QEAA@PEAVIsolate@1@@Z 0000000180003a5d f   node:node.exe
 0001:00002a69       __imp_load_?Set@Template@v8@@QEAAXV?$Local@VName@v8@@@2@V?$Local@VData@v8@@@2@W4PropertyAttribute@2@@Z 0000000180003a69 f   node:node.exe
 0001:00002a75       __imp_load_?Error@Exception@v8@@SA?AV?$Local@VValue@v8@@@2@V?$Local@VString@v8@@@2@@Z 0000000180003a75 f   node:node.exe
 0001:00002a81       __imp_load_?TypeError@Exception@v8@@SA?AV?$Local@VValue@v8@@@2@V?$Local@VString@v8@@@2@@Z 0000000180003a81 f   node:node.exe
 0001:00002a8d       __imp_load_?New@Array@v8@@SA?AV?$Local@VArray@v8@@@2@PEAVIsolate@2@H@Z 0000000180003a8d f   node:node.exe
 0001:00002a99       __imp_load_?SetClassName@FunctionTemplate@v8@@QEAAXV?$Local@VString@v8@@@2@@Z 0000000180003a99 f   node:node.exe
 0001:00002aa5       __imp_load_?PrototypeTemplate@FunctionTemplate@v8@@QEAA?AV?$Local@VObjectTemplate@v8@@@2@XZ 0000000180003aa5 f   node:node.exe
 0001:00002ab1       __imp_load_?InstanceTemplate@FunctionTemplate@v8@@QEAA?AV?$Local@VObjectTemplate@v8@@@2@XZ 0000000180003ab1 f   node:node.exe
 0001:00002abd       __imp_load_?GetFunction@FunctionTemplate@v8@@QEAA?AV?$Local@VFunction@v8@@@2@XZ 0000000180003abd f   node:node.exe
 0001:00002ac9       __imp_load_?New@FunctionTemplate@v8@@SA?AV?$Local@VFunctionTemplate@v8@@@2@PEAVIsolate@2@P6AXAEBV?$FunctionCallbackInfo@VValue@v8@@@2@@ZV?$Local@VValue@v8@@@2@V?$Local@VSignature@v8@@@2@HW4ConstructorBehavior@2@@Z 0000000180003ac9 f   node:node.exe
 0001:00002ad5       __imp_load_?ToLocalEmpty@V8@v8@@CAXXZ 0000000180003ad5 f   node:node.exe
 0001:00002ae1       __imp_load_?ClearWeak@V8@v8@@CAPEAXPEAPEAVObject@internal@2@@Z 0000000180003ae1 f   node:node.exe
 0001:00002aed       __imp_load_?MakeWeak@V8@v8@@CAXPEAPEAVObject@internal@2@PEAXP6AXAEBV?$WeakCallbackInfo@X@2@@ZW4WeakCallbackType@2@@Z 0000000180003aed f   node:node.exe
 0001:00002af9       __imp_load_?DisposeGlobal@V8@v8@@CAXPEAPEAVObject@internal@2@@Z 0000000180003af9 f   node:node.exe
 0001:00002b05       __imp_load_?GlobalizeReference@V8@v8@@CAPEAPEAVObject@internal@2@PEAVIsolate@42@PEAPEAV342@@Z 0000000180003b05 f   node:node.exe
 0001:00002b11       __imp_load_?Int32Value@Value@v8@@QEBAHXZ 0000000180003b11 f   node:node.exe
 0001:00002b1d       __imp_load_?Uint32Value@Value@v8@@QEBAIXZ 0000000180003b1d f   node:node.exe
 0001:00002b29       __imp_load_?ToInteger@Value@v8@@QEBA?AV?$MaybeLocal@VInteger@v8@@@2@V?$Local@VContext@v8@@@2@@Z 0000000180003b29 f   node:node.exe
 0001:00002b35       __imp_load_?IsUint32@Value@v8@@QEBA_NXZ 0000000180003b35 f   node:node.exe
 0001:00002b41       __imp_load_?Escape@EscapableHandleScope@v8@@AEAAPEAPEAVObject@internal@2@PEAPEAV342@@Z 0000000180003b41 f   node:node.exe
 0001:00002b4d       __imp_load_??0EscapableHandleScope@v8@@QEAA@PEAVIsolate@1@@Z 0000000180003b4d f   node:node.exe
 0001:00002b59       __imp_load_??1Utf8Value@String@v8@@QEAA@XZ 0000000180003b59 f   node:node.exe
 0001:00002b65       __imp_load_??0Utf8Value@String@v8@@QEAA@V?$Local@VValue@v8@@@2@@Z 0000000180003b65 f   node:node.exe
 0001:00002b71       __imp_load_?NewFromUtf8@String@v8@@SA?AV?$MaybeLocal@VString@v8@@@2@PEAVIsolate@2@PEBDW4NewStringType@2@H@Z 0000000180003b71 f   node:node.exe
 0001:00002b7d       __imp_load_?WriteUtf8@String@v8@@QEBAHPEADHPEAHH@Z 0000000180003b7d f   node:node.exe
 0001:00002b89       __imp_load_?Length@String@v8@@QEBAHXZ 0000000180003b89 f   node:node.exe
 0001:00002b95       __imp_load_?New@Number@v8@@SA?AV?$Local@VNumber@v8@@@2@PEAVIsolate@2@N@Z 0000000180003b95 f   node:node.exe
 0001:00002ba1       __imp_load_?SlowGetAlignedPointerFromInternalField@Object@v8@@AEAAPEAXH@Z 0000000180003ba1 f   node:node.exe
 0001:00002bad       __imp_load_?SlowGetInternalField@Object@v8@@AEAA?AV?$Local@VValue@v8@@@2@H@Z 0000000180003bad f   node:node.exe
 0001:00002bb9       __imp_load_?New@Object@v8@@SA?AV?$Local@VObject@v8@@@2@PEAVIsolate@2@@Z 0000000180003bb9 f   node:node.exe
 0001:00002bc5       __imp_load_?SetAlignedPointerInInternalField@Object@v8@@QEAAXHPEAX@Z 0000000180003bc5 f   node:node.exe
 0001:00002bd1       __imp_load_?SetInternalField@Object@v8@@QEAAXHV?$Local@VValue@v8@@@2@@Z 0000000180003bd1 f   node:node.exe
 0001:00002bdd       __imp_load_?InternalFieldCount@Object@v8@@QEAAHXZ 0000000180003bdd f   node:node.exe
 0001:00002be9       __imp_load_?Get@Object@v8@@QEAA?AV?$Local@VValue@v8@@@2@V32@@Z 0000000180003be9 f   node:node.exe
 0001:00002bf5       __imp_load_?Set@Object@v8@@QEAA_NV?$Local@VValue@v8@@@2@0@Z 0000000180003bf5 f   node:node.exe
 0001:00002c01       __imp_load_?SetInternalFieldCount@ObjectTemplate@v8@@QEAAXH@Z 0000000180003c01 f   node:node.exe
 0001:00002c0d       __imp_load_?NewInstance@ObjectTemplate@v8@@QEAA?AV?$MaybeLocal@VObject@v8@@@2@V?$Local@VContext@v8@@@2@@Z 0000000180003c0d f   node:node.exe
 0001:00002c19       __imp_load_?New@ObjectTemplate@v8@@SA?AV?$Local@VObjectTemplate@v8@@@2@PEAVIsolate@2@V?$Local@VFunctionTemplate@v8@@@2@@Z 0000000180003c19 f   node:node.exe
 0001:00002c25       __imp_load_uv_close        0000000180003c25 f   node:node.exe
 0001:00002c31       __imp_load_node_module_register 0000000180003c31 f   node:node.exe
 0001:00002c3d       __imp_load_?HasInstance@Buffer@node@@YA_NV?$Local@VValue@v8@@@v8@@@Z 0000000180003c3d f   node:node.exe
 0001:00002c49       __imp_load_?Data@Buffer@node@@YAPEADV?$Local@VValue@v8@@@v8@@@Z 0000000180003c49 f   node:node.exe
 0001:00002c55       __imp_load_?Length@Buffer@node@@YA_KV?$Local@VValue@v8@@@v8@@@Z 0000000180003c55 f   node:node.exe
 0001:00002c61       __imp_load_?MakeCallback@node@@YA?AV?$Local@VValue@v8@@@v8@@PEAVIsolate@3@V?$Local@VObject@v8@@@3@V?$Local@VFunction@v8@@@3@HPEAV23@@Z 0000000180003c61 f   node:node.exe
 0001:00002c6d       __imp_load_uv_async_send   0000000180003c6d f   node:node.exe
 0001:00002c79       __imp_load_uv_async_init   0000000180003c79 f   node:node.exe
 0001:00002c85       __imp_load_uv_default_loop 0000000180003c85 f   node:node.exe
 0001:00002c91       __imp_load_?ToString@Value@v8@@QEBA?AV?$Local@VString@v8@@@2@XZ 0000000180003c91 f   node:node.exe
 0001:00002cb0       __security_check_cookie    0000000180003cb0 f   LIBCMT:_amdsecgs_.obj
 0001:00002cd4       ??2@YAPEAX_K@Z             0000000180003cd4 f   LIBCMT:new_scalar.obj
 0001:00002d10       __scrt_acquire_startup_lock 0000000180003d10 f   LIBCMT:utility.obj
 0001:00002d4c       __scrt_dllmain_after_initialize_c 0000000180003d4c f   LIBCMT:utility.obj
 0001:00002d80       __scrt_dllmain_before_initialize_c 0000000180003d80 f   LIBCMT:utility.obj
 0001:00002d98       __scrt_dllmain_crt_thread_attach 0000000180003d98 f   LIBCMT:utility.obj
 0001:00002dc0       __scrt_dllmain_crt_thread_detach 0000000180003dc0 f   LIBCMT:utility.obj
 0001:00002dd8       __scrt_dllmain_exception_filter 0000000180003dd8 f   LIBCMT:utility.obj
 0001:00002e38       __scrt_dllmain_uninitialize_c 0000000180003e38 f   LIBCMT:utility.obj
 0001:00002e68       __scrt_dllmain_uninitialize_critical 0000000180003e68 f   LIBCMT:utility.obj
 0001:00002e7c       __scrt_initialize_crt      0000000180003e7c f   LIBCMT:utility.obj
 0001:00002ec8       __scrt_initialize_onexit_tables 0000000180003ec8 f   LIBCMT:utility.obj
 0001:00002fa0       __scrt_is_nonwritable_in_current_image 0000000180003fa0 f   LIBCMT:utility.obj
 0001:0000303c       __scrt_release_startup_lock 000000018000403c f   LIBCMT:utility.obj
 0001:00003060       __scrt_uninitialize_crt    0000000180004060 f   LIBCMT:utility.obj
 0001:0000308c       _onexit                    000000018000408c f   LIBCMT:utility.obj
 0001:000030dc       atexit                     00000001800040dc f   LIBCMT:utility.obj
 0001:000030f4       ??3@YAXPEAX_K@Z            00000001800040f4 f   LIBCMT:delete_scalar_size.obj
 0001:0000342c       _DllMainCRTStartup         000000018000442c f   LIBCMT:dll_dllmain.obj
 0001:0000346c       __raise_securityfailure    000000018000446c f   LIBCMT:gs_report.obj
 0001:000034a0       __report_gsfailure         00000001800044a0 f   LIBCMT:gs_report.obj
 0001:00003574       __report_rangecheckfailure 0000000180004574 f   LIBCMT:gs_report.obj
 0001:00003588       __report_securityfailure   0000000180004588 f   LIBCMT:gs_report.obj
 0001:00003708       ??0bad_alloc@std@@QEAA@AEBV01@@Z 0000000180004708 f i LIBCMT:throw_bad_alloc.obj
 0001:00003748       ??0bad_alloc@std@@QEAA@XZ  0000000180004748 f i LIBCMT:throw_bad_alloc.obj
 0001:00003768       ??0bad_array_new_length@std@@QEAA@AEBV01@@Z 0000000180004768 f i LIBCMT:throw_bad_alloc.obj
 0001:000037a8       ??0bad_array_new_length@std@@QEAA@XZ 00000001800047a8 f i LIBCMT:throw_bad_alloc.obj
 0001:000037c8       ??0exception@std@@QEAA@AEBV01@@Z 00000001800047c8 f i LIBCMT:throw_bad_alloc.obj
 0001:00003800       ??1bad_array_new_length@std@@UEAA@XZ 0000000180004800 f i LIBCMT:throw_bad_alloc.obj
 0001:00003800       ??1bad_alloc@std@@UEAA@XZ  0000000180004800 f i LIBCMT:throw_bad_alloc.obj
 0001:00003800       ??1bad_exception@std@@UEAA@XZ 0000000180004800 f i libvcruntime:frame.obj
 0001:00003814       ??_Gbad_array_new_length@std@@UEAAPEAXI@Z 0000000180004814 f i LIBCMT:throw_bad_alloc.obj
 0001:00003814       ??_Eexception@std@@UEAAPEAXI@Z 0000000180004814 f i LIBCMT:throw_bad_alloc.obj
 0001:00003814       ??_Gbad_alloc@std@@UEAAPEAXI@Z 0000000180004814 f i LIBCMT:throw_bad_alloc.obj
 0001:00003814       ??_Gexception@std@@UEAAPEAXI@Z 0000000180004814 f i LIBCMT:throw_bad_alloc.obj
 0001:00003814       ??_Ebad_alloc@std@@UEAAPEAXI@Z 0000000180004814 f i LIBCMT:throw_bad_alloc.obj
 0001:00003814       ??_Ebad_exception@std@@UEAAPEAXI@Z 0000000180004814 f i libvcruntime:frame.obj
 0001:00003814       ??_Gbad_exception@std@@UEAAPEAXI@Z 0000000180004814 f i libvcruntime:frame.obj
 0001:00003814       ??_Ebad_array_new_length@std@@UEAAPEAXI@Z 0000000180004814 f i LIBCMT:throw_bad_alloc.obj
 0001:00003858       ?__scrt_throw_std_bad_alloc@@YAXXZ 0000000180004858 f   LIBCMT:throw_bad_alloc.obj
 0001:00003878       ?__scrt_throw_std_bad_array_new_length@@YAXXZ 0000000180004878 f   LIBCMT:throw_bad_alloc.obj
 0001:00003898       ?what@exception@std@@UEBAPEBDXZ 0000000180004898 f i LIBCMT:throw_bad_alloc.obj
 0001:000038ac       __isa_available_init       00000001800048ac f   LIBCMT:_cpu_disp_.obj
 0001:00003a68       DllMain                    0000000180004a68 f   LIBCMT:dll_dllmain_stub.obj
 0001:00003a68       _get_startup_argv_mode     0000000180004a68 f   LIBCMT:argv_mode.obj
 0001:00003a70       __scrt_is_ucrt_dll_in_use  0000000180004a70 f   LIBCMT:ucrt_detection.obj
 0001:00003a7c       __crt_debugger_hook        0000000180004a7c f   LIBCMT:utility_desktop.obj
 0001:00003a84       __scrt_fastfail            0000000180004a84 f   LIBCMT:utility_desktop.obj
 0001:00003bd0       ??3@YAXPEAX@Z              0000000180004bd0 f   LIBCMT:delete_scalar.obj
 0001:00003bd8       __security_init_cookie     0000000180004bd8 f   LIBCMT:gs_support.obj
 0001:00003c84       ?__scrt_initialize_type_info@@YAXXZ 0000000180004c84 f   LIBCMT:tncleanup.obj
 0001:00003c94       ?__scrt_uninitialize_type_info@@YAXXZ 0000000180004c94 f   LIBCMT:tncleanup.obj
 0001:00003ca0       __local_stdio_scanf_options 0000000180004ca0 f i LIBCMT:default_local_stdio_options.obj
 0001:00003ca8       __scrt_initialize_default_local_stdio_options 0000000180004ca8 f   LIBCMT:default_local_stdio_options.obj
 0001:00003cc4       __scrt_get_dyn_tls_init_callback 0000000180004cc4 f   LIBCMT:dyn_tls_init.obj
 0001:00003ccc       _RTC_Initialize            0000000180004ccc f   LIBCMT:_initsect_.obj
 0001:00003d08       _RTC_Terminate             0000000180004d08 f   LIBCMT:_initsect_.obj
 0001:00003d44       ??_Gtype_info@@UEAAPEAXI@Z 0000000180004d44 f i LIBCMT:std_type_info_static.obj
 0001:00003d44       ??_Etype_info@@UEAAPEAXI@Z 0000000180004d44 f i LIBCMT:std_type_info_static.obj
 0001:00003d70       __vcrt_initialize          0000000180004d70 f   libvcruntime:initialization.obj
 0001:00003da4       __vcrt_thread_attach       0000000180004da4 f   libvcruntime:initialization.obj
 0001:00003db8       __vcrt_thread_detach       0000000180004db8 f   libvcruntime:initialization.obj
 0001:00003dcc       __vcrt_uninitialize        0000000180004dcc f   libvcruntime:initialization.obj
 0001:00003dec       __vcrt_uninitialize_critical 0000000180004dec f   libvcruntime:initialization.obj
 0001:00003dfc       __C_specific_handler       0000000180004dfc f   libvcruntime:_riscchandler_.obj
 0001:00004008       __std_exception_copy       0000000180005008 f   libvcruntime:std_exception.obj
 0001:00004098       __std_exception_destroy    0000000180005098 f   libvcruntime:std_exception.obj
 0001:000040c0       _CxxThrowException         00000001800050c0 f   libvcruntime:throw.obj
 0001:00004190       memset_repmovs             0000000180005190 f   libvcruntime:memset.obj
 0001:000041b0       memset                     00000001800051b0 f   libvcruntime:memset.obj
 0001:00004340       __std_type_info_compare    0000000180005340 f   libvcruntime:std_type_info.obj
 0001:00004368       __std_type_info_destroy_list 0000000180005368 f   libvcruntime:std_type_info.obj
 0001:00004394       __vcrt_freefls             0000000180005394 f   libvcruntime:per_thread_data.obj
 0001:000043b4       __vcrt_freeptd             00000001800053b4 f   libvcruntime:per_thread_data.obj
 0001:00004404       __vcrt_getptd              0000000180005404 f   libvcruntime:per_thread_data.obj
 0001:00004420       __vcrt_getptd_noexit       0000000180005420 f   libvcruntime:per_thread_data.obj
 0001:000044ec       __vcrt_initialize_ptd      00000001800054ec f   libvcruntime:per_thread_data.obj
 0001:00004540       __vcrt_uninitialize_ptd    0000000180005540 f   libvcruntime:per_thread_data.obj
 0001:00004564       __vcrt_initialize_locks    0000000180005564 f   libvcruntime:locks.obj
 0001:000045ac       __vcrt_uninitialize_locks  00000001800055ac f   libvcruntime:locks.obj
 0001:000047bc       __vcrt_FlsAlloc            00000001800057bc f   libvcruntime:winapi_downlevel.obj
 0001:00004804       __vcrt_FlsFree             0000000180005804 f   libvcruntime:winapi_downlevel.obj
 0001:0000484c       __vcrt_FlsGetValue         000000018000584c f   libvcruntime:winapi_downlevel.obj
 0001:00004894       __vcrt_FlsSetValue         0000000180005894 f   libvcruntime:winapi_downlevel.obj
 0001:000048e8       __vcrt_InitializeCriticalSectionEx 00000001800058e8 f   libvcruntime:winapi_downlevel.obj
 0001:0000494c       __vcrt_initialize_winapi_thunks 000000018000594c f   libvcruntime:winapi_downlevel.obj
 0001:0000497c       __vcrt_uninitialize_winapi_thunks 000000018000597c f   libvcruntime:winapi_downlevel.obj
 0001:000049bc       __vcrt_initialize_pure_virtual_call_handler 00000001800059bc f   libvcruntime:purevirt_data.obj
 0001:000049e0       _NLG_Notify                00000001800059e0 f   libvcruntime:_notify_.obj
 0001:00004a00       __NLG_Dispatch2            0000000180005a00 f   libvcruntime:_notify_.obj
 0001:00004a10       __NLG_Return2              0000000180005a10 f   libvcruntime:_notify_.obj
 0001:00004a14       __except_validate_context_record 0000000180005a14 f   libvcruntime:jbcxrval.obj
 0001:00004a4c       __DestructExceptionObject  0000000180005a4c f   libvcruntime:ehhelpers.obj
 0001:00004ac0       ?_CallMemberFunction0@@YAXQEAX0@Z 0000000180005ac0 f i libvcruntime:ehhelpers.obj
 0001:00004ac4       _IsExceptionObjectToBeDestroyed 0000000180005ac4 f   libvcruntime:ehhelpers.obj
 0001:00004af4       __AdjustPointer            0000000180005af4 f   libvcruntime:ehhelpers.obj
 0001:00004b18       __FrameUnwindFilter        0000000180005b18 f   libvcruntime:ehhelpers.obj
 0001:00004b64       ??$_CallSETranslator@V__FrameHandler3@@@@YAHPEAUEHExceptionRecord@@PEA_KPEAU_CONTEXT@@PEAU_xDISPATCHER_CONTEXT@@PEBU_s_FuncInfo@@K1@Z 0000000180005b64 f i libvcruntime:risctrnsctrl.obj
 0001:00004bb8       ?CatchTryBlock@__FrameHandler3@@SAPEBU_s_TryBlockMapEntry@@PEBU_s_FuncInfo@@H@Z 0000000180005bb8 f   libvcruntime:risctrnsctrl.obj
 0001:00004c10       ?ExecutionInCatch@__FrameHandler3@@SA_NPEAU_xDISPATCHER_CONTEXT@@PEBU_s_FuncInfo@@@Z 0000000180005c10 f   libvcruntime:risctrnsctrl.obj
 0001:00004c3c       ?FrameUnwindToEmptyState@__FrameHandler3@@SAXPEA_KPEAU_xDISPATCHER_CONTEXT@@PEBU_s_FuncInfo@@@Z 0000000180005c3c f   libvcruntime:risctrnsctrl.obj
 0001:00004ca0       ?GetEstablisherFrame@__FrameHandler3@@SAPEA_KPEA_KPEAU_xDISPATCHER_CONTEXT@@PEBU_s_FuncInfo@@0@Z 0000000180005ca0 f   libvcruntime:risctrnsctrl.obj
 0001:00004d6c       ?GetRangeOfTrysToCheck@__FrameHandler3@@SA?AU?$pair@Viterator@TryBlockMap@__FrameHandler3@@V123@@std@@AEAVTryBlockMap@1@HH@Z 0000000180005d6c f   libvcruntime:risctrnsctrl.obj
 0001:00004ec8       ?UnwindNestedFrames@__FrameHandler3@@SAXPEA_KPEAUEHExceptionRecord@@PEAU_CONTEXT@@0PEAXPEBU_s_FuncInfo@@HHPEBU_s_HandlerType@@PEAU_xDISPATCHER_CONTEXT@@E@Z 0000000180005ec8 f   libvcruntime:risctrnsctrl.obj
 0001:00004fec       _CreateFrameInfo           0000000180005fec f   libvcruntime:risctrnsctrl.obj
 0001:00005028       _FindAndUnlinkFrame        0000000180006028 f   libvcruntime:risctrnsctrl.obj
 0001:0000507c       _GetImageBase              000000018000607c f   libvcruntime:risctrnsctrl.obj
 0001:00005090       _GetThrowImageBase         0000000180006090 f   libvcruntime:risctrnsctrl.obj
 0001:000050a4       _SetImageBase              00000001800060a4 f   libvcruntime:risctrnsctrl.obj
 0001:000050bc       _SetThrowImageBase         00000001800060bc f   libvcruntime:risctrnsctrl.obj
 0001:000050d4       __CxxFrameHandler3         00000001800060d4 f   libvcruntime:risctrnsctrl.obj
 0001:00005170       memcpy_repmovs             0000000180006170 f   libvcruntime:memcpy.obj
 0001:00005190       memmove                    0000000180006190 f   libvcruntime:memcpy.obj
 0001:00005190       memcpy                     0000000180006190 f   libvcruntime:memcpy.obj
 0001:000055c8       ?GetCurrentState@__FrameHandler3@@SAHPEA_KPEAU_xDISPATCHER_CONTEXT@@PEBU_s_FuncInfo@@@Z 00000001800065c8 f   libvcruntime:ehstate.obj
 0001:000055f0       ?GetUnwindTryBlock@__FrameHandler3@@SAHPEA_KPEAU_xDISPATCHER_CONTEXT@@PEBU_s_FuncInfo@@@Z 00000001800065f0 f   libvcruntime:ehstate.obj
 0001:0000561c       ?SetState@__FrameHandler3@@SAXPEA_KPEBU_s_FuncInfo@@H@Z 000000018000661c f   libvcruntime:ehstate.obj
 0001:00005628       ?SetUnwindTryBlock@__FrameHandler3@@SAXPEA_KPEAU_xDISPATCHER_CONTEXT@@PEBU_s_FuncInfo@@H@Z 0000000180006628 f   libvcruntime:ehstate.obj
 0001:00005664       ?StateFromControlPc@__FrameHandler3@@SAHPEBU_s_FuncInfo@@PEAU_xDISPATCHER_CONTEXT@@@Z 0000000180006664 f   libvcruntime:ehstate.obj
 0001:0000566c       ?StateFromIp@__FrameHandler3@@SAHPEBU_s_FuncInfo@@PEAU_xDISPATCHER_CONTEXT@@_K@Z 000000018000666c f   libvcruntime:ehstate.obj
 0001:000060f8       ??$TypeMatchHelper@$$CBU_s_HandlerType@@@@YAHPEBU_s_HandlerType@@PEBU_s_CatchableType@@PEBU_s_ThrowInfo@@@Z 00000001800070f8 f i libvcruntime:frame.obj
 0001:0000623c       ??$__InternalCxxFrameHandler@V__FrameHandler3@@@@YA?AW4_EXCEPTION_DISPOSITION@@PEAUEHExceptionRecord@@PEA_KPEAU_CONTEXT@@PEAU_xDISPATCHER_CONTEXT@@PEBU_s_FuncInfo@@H1E@Z 000000018000723c f i libvcruntime:frame.obj
 0001:00006484       ??0bad_exception@std@@QEAA@AEBV01@@Z 0000000180007484 f i libvcruntime:frame.obj
 0001:000064c4       ??0bad_exception@std@@QEAA@XZ 00000001800074c4 f i libvcruntime:frame.obj
 0001:000064e4       ?CxxCallCatchBlock@__FrameHandler3@@SAPEAXPEAU_EXCEPTION_RECORD@@@Z 00000001800074e4 f   libvcruntime:frame.obj
 0001:00006758       ?FrameUnwindToState@__FrameHandler3@@SAXPEA_KPEAU_xDISPATCHER_CONTEXT@@PEBU_s_FuncInfo@@H@Z 0000000180007758 f   libvcruntime:frame.obj
 0001:000068ec       ?GetHandlerSearchState@__FrameHandler3@@SAHPEA_KPEAU_xDISPATCHER_CONTEXT@@PEBU_s_FuncInfo@@@Z 00000001800078ec f i libvcruntime:frame.obj
 0001:00006af0       ?_CallMemberFunction1@@YAXQEAX00@Z 0000000180007af0 f i libvcruntime:frame.obj
 0001:00006afc       ?_CallMemberFunction2@@YAXQEAX00H@Z 0000000180007afc f i libvcruntime:frame.obj
 0001:00006b20       _CallSettingFrame          0000000180007b20 f   libvcruntime:handlers.obj
 0001:00006b70       _CallSettingFrameEncoded   0000000180007b70 f   libvcruntime:handlers.obj
 0001:00006bb8       __acrt_initialize_stdio    0000000180007bb8 f   libucrt:_file.obj
 0001:00006cd8       __acrt_iob_func            0000000180007cd8 f   libucrt:_file.obj
 0001:00006cec       __acrt_uninitialize_stdio  0000000180007cec f   libucrt:_file.obj
 0001:00006d48       _lock_file                 0000000180007d48 f   libucrt:_file.obj
 0001:00006d54       _unlock_file               0000000180007d54 f   libucrt:_file.obj
 0001:00007180       ??$ensure_buffer_is_big_enough@D@formatting_buffer@__crt_stdio_output@@QEAA_N_K@Z 0000000180008180 f i libucrt:output.obj
 0001:00007228       ??$ensure_buffer_is_big_enough@_W@formatting_buffer@__crt_stdio_output@@QEAA_N_K@Z 0000000180008228 f i libucrt:output.obj
 0001:000072d4       ??$is_wide_character_specifier@_W@__crt_stdio_output@@YA_N_K_WW4length_modifier@0@@Z 00000001800082d4 f i libucrt:output.obj
 0001:00007314       ??$type_case_integer_parse_into_buffer@I@?$output_processor@DV?$stream_output_adapter@D@__crt_stdio_output@@V?$standard_base@DV?$stream_output_adapter@D@__crt_stdio_output@@@2@@__crt_stdio_output@@AEAAXII_N@Z 0000000180008314 f i libucrt:output.obj
 0001:00007314       ??$type_case_integer_parse_into_buffer@I@?$output_processor@DV?$string_output_adapter@D@__crt_stdio_output@@V?$standard_base@DV?$string_output_adapter@D@__crt_stdio_output@@@2@@__crt_stdio_output@@AEAAXII_N@Z 0000000180008314 f i libucrt:output.obj
 0001:000073a4       ??$type_case_integer_parse_into_buffer@I@?$output_processor@_WV?$string_output_adapter@_W@__crt_stdio_output@@V?$standard_base@_WV?$string_output_adapter@_W@__crt_stdio_output@@@2@@__crt_stdio_output@@AEAAXII_N@Z 00000001800083a4 f i libucrt:output.obj
 0001:000073a4       ??$type_case_integer_parse_into_buffer@I@?$output_processor@_WV?$stream_output_adapter@_W@__crt_stdio_output@@V?$standard_base@_WV?$stream_output_adapter@_W@__crt_stdio_output@@@2@@__crt_stdio_output@@AEAAXII_N@Z 00000001800083a4 f i libucrt:output.obj
 0001:00007444       ??$type_case_integer_parse_into_buffer@_K@?$output_processor@DV?$string_output_adapter@D@__crt_stdio_output@@V?$standard_base@DV?$string_output_adapter@D@__crt_stdio_output@@@2@@__crt_stdio_output@@AEAAX_KI_N@Z 0000000180008444 f i libucrt:output.obj
 0001:00007444       ??$type_case_integer_parse_into_buffer@_K@?$output_processor@DV?$stream_output_adapter@D@__crt_stdio_output@@V?$standard_base@DV?$stream_output_adapter@D@__crt_stdio_output@@@2@@__crt_stdio_output@@AEAAX_KI_N@Z 0000000180008444 f i libucrt:output.obj
 0001:000074d8       ??$type_case_integer_parse_into_buffer@_K@?$output_processor@_WV?$stream_output_adapter@_W@__crt_stdio_output@@V?$standard_base@_WV?$stream_output_adapter@_W@__crt_stdio_output@@@2@@__crt_stdio_output@@AEAAX_KI_N@Z 00000001800084d8 f i libucrt:output.obj
 0001:000074d8       ??$type_case_integer_parse_into_buffer@_K@?$output_processor@_WV?$string_output_adapter@_W@__crt_stdio_output@@V?$standard_base@_WV?$string_output_adapter@_W@__crt_stdio_output@@@2@@__crt_stdio_output@@AEAAX_KI_N@Z 00000001800084d8 f i libucrt:output.obj
 0001:0000757c       ??$write_multiple_characters@V?$stream_output_adapter@D@__crt_stdio_output@@D@__crt_stdio_output@@YAXAEBV?$stream_output_adapter@D@0@DHQEAH@Z 000000018000857c f i libucrt:output.obj
 0001:00007608       ??$write_multiple_characters@V?$stream_output_adapter@_W@__crt_stdio_output@@D@__crt_stdio_output@@YAXAEBV?$stream_output_adapter@_W@0@DHQEAH@Z 0000000180008608 f i libucrt:output.obj
 0001:0000769c       ??$write_multiple_characters@V?$string_output_adapter@D@__crt_stdio_output@@D@__crt_stdio_output@@YAXAEBV?$string_output_adapter@D@0@DHQEAH@Z 000000018000869c f i libucrt:output.obj
 0001:00007714       ??$write_multiple_characters@V?$string_output_adapter@_W@__crt_stdio_output@@D@__crt_stdio_output@@YAXAEBV?$string_output_adapter@_W@0@DHQEAH@Z 0000000180008714 f i libucrt:output.obj
 0001:00007790       ??0_LocaleUpdate@@QEAA@QEAU__crt_locale_pointers@@@Z 0000000180008790 f i libucrt:output.obj
 0001:0000782c       ??1_LocaleUpdate@@QEAA@XZ  000000018000882c f i libucrt:output.obj
 0001:00007aa4       ?crop_zeroes@__crt_stdio_output@@YAXPEADQEAU__crt_locale_pointers@@@Z 0000000180008aa4 f i libucrt:output.obj
 0001:00007b10       ?force_decimal_point@__crt_stdio_output@@YAXPEADQEAU__crt_locale_pointers@@@Z 0000000180008b10 f i libucrt:output.obj
 0001:00007b80       ?parse_int_from_format_string@?$output_processor@DV?$stream_output_adapter@D@__crt_stdio_output@@V?$standard_base@DV?$stream_output_adapter@D@__crt_stdio_output@@@2@@__crt_stdio_output@@AEAA_NQEAH@Z 0000000180008b80 f i libucrt:output.obj
 0001:00007b80       ?parse_int_from_format_string@?$output_processor@DV?$string_output_adapter@D@__crt_stdio_output@@V?$standard_base@DV?$string_output_adapter@D@__crt_stdio_output@@@2@@__crt_stdio_output@@AEAA_NQEAH@Z 0000000180008b80 f i libucrt:output.obj
 0001:00007c24       ?parse_int_from_format_string@?$output_processor@_WV?$stream_output_adapter@_W@__crt_stdio_output@@V?$standard_base@_WV?$stream_output_adapter@_W@__crt_stdio_output@@@2@@__crt_stdio_output@@AEAA_NQEAH@Z 0000000180008c24 f i libucrt:output.obj
 0001:00007c24       ?parse_int_from_format_string@?$output_processor@_WV?$string_output_adapter@_W@__crt_stdio_output@@V?$standard_base@_WV?$string_output_adapter@_W@__crt_stdio_output@@@2@@__crt_stdio_output@@AEAA_NQEAH@Z 0000000180008c24 f i libucrt:output.obj
 0001:00007cc8       ?process@?$output_processor@DV?$stream_output_adapter@D@__crt_stdio_output@@V?$standard_base@DV?$stream_output_adapter@D@__crt_stdio_output@@@2@@__crt_stdio_output@@QEAAHXZ 0000000180008cc8 f i libucrt:output.obj
 0001:00007edc       ?process@?$output_processor@DV?$string_output_adapter@D@__crt_stdio_output@@V?$standard_base@DV?$string_output_adapter@D@__crt_stdio_output@@@2@@__crt_stdio_output@@QEAAHXZ 0000000180008edc f i libucrt:output.obj
 0001:000080e0       ?process@?$output_processor@_WV?$stream_output_adapter@_W@__crt_stdio_output@@V?$standard_base@_WV?$stream_output_adapter@_W@__crt_stdio_output@@@2@@__crt_stdio_output@@QEAAHXZ 00000001800090e0 f i libucrt:output.obj
 0001:00008338       ?process@?$output_processor@_WV?$string_output_adapter@_W@__crt_stdio_output@@V?$standard_base@_WV?$string_output_adapter@_W@__crt_stdio_output@@@2@@__crt_stdio_output@@QEAAHXZ 0000000180009338 f i libucrt:output.obj
 0001:00008594       ?state_case_normal@?$output_processor@DV?$stream_output_adapter@D@__crt_stdio_output@@V?$standard_base@DV?$stream_output_adapter@D@__crt_stdio_output@@@2@@__crt_stdio_output@@AEAA_NXZ 0000000180009594 f i libucrt:output.obj
 0001:00008604       ?state_case_normal@?$output_processor@DV?$string_output_adapter@D@__crt_stdio_output@@V?$standard_base@DV?$string_output_adapter@D@__crt_stdio_output@@@2@@__crt_stdio_output@@AEAA_NXZ 0000000180009604 f i libucrt:output.obj
 0001:00008678       ?state_case_normal_tchar@?$output_processor@DV?$stream_output_adapter@D@__crt_stdio_output@@V?$standard_base@DV?$stream_output_adapter@D@__crt_stdio_output@@@2@@__crt_stdio_output@@AEAA_ND@Z 0000000180009678 f i libucrt:output.obj
 0001:00008714       ?state_case_normal_tchar@?$output_processor@DV?$string_output_adapter@D@__crt_stdio_output@@V?$standard_base@DV?$string_output_adapter@D@__crt_stdio_output@@@2@@__crt_stdio_output@@AEAA_ND@Z 0000000180009714 f i libucrt:output.obj
 0001:000087ac       ?state_case_size@?$output_processor@DV?$stream_output_adapter@D@__crt_stdio_output@@V?$standard_base@DV?$stream_output_adapter@D@__crt_stdio_output@@@2@@__crt_stdio_output@@AEAA_NXZ 00000001800097ac f i libucrt:output.obj
 0001:00008920       ?state_case_size@?$output_processor@DV?$string_output_adapter@D@__crt_stdio_output@@V?$standard_base@DV?$string_output_adapter@D@__crt_stdio_output@@@2@@__crt_stdio_output@@AEAA_NXZ 0000000180009920 f i libucrt:output.obj
 0001:00008a94       ?state_case_size@?$output_processor@_WV?$stream_output_adapter@_W@__crt_stdio_output@@V?$standard_base@_WV?$stream_output_adapter@_W@__crt_stdio_output@@@2@@__crt_stdio_output@@AEAA_NXZ 0000000180009a94 f i libucrt:output.obj
 0001:00008c2c       ?state_case_size@?$output_processor@_WV?$string_output_adapter@_W@__crt_stdio_output@@V?$standard_base@_WV?$string_output_adapter@_W@__crt_stdio_output@@@2@@__crt_stdio_output@@AEAA_NXZ 0000000180009c2c f i libucrt:output.obj
 0001:00008dc4       ?state_case_type@?$output_processor@DV?$stream_output_adapter@D@__crt_stdio_output@@V?$standard_base@DV?$stream_output_adapter@D@__crt_stdio_output@@@2@@__crt_stdio_output@@AEAA_NXZ 0000000180009dc4 f i libucrt:output.obj
 0001:00009054       ?state_case_type@?$output_processor@DV?$string_output_adapter@D@__crt_stdio_output@@V?$standard_base@DV?$string_output_adapter@D@__crt_stdio_output@@@2@@__crt_stdio_output@@AEAA_NXZ 000000018000a054 f i libucrt:output.obj
 0001:000092c0       ?state_case_type@?$output_processor@_WV?$stream_output_adapter@_W@__crt_stdio_output@@V?$standard_base@_WV?$stream_output_adapter@_W@__crt_stdio_output@@@2@@__crt_stdio_output@@AEAA_NXZ 000000018000a2c0 f i libucrt:output.obj
 0001:000095ac       ?state_case_type@?$output_processor@_WV?$string_output_adapter@_W@__crt_stdio_output@@V?$standard_base@_WV?$string_output_adapter@_W@__crt_stdio_output@@@2@@__crt_stdio_output@@AEAA_NXZ 000000018000a5ac f i libucrt:output.obj
 0001:00009880       ?type_case_Z@?$output_processor@DV?$string_output_adapter@D@__crt_stdio_output@@V?$standard_base@DV?$string_output_adapter@D@__crt_stdio_output@@@2@@__crt_stdio_output@@AEAA_NXZ 000000018000a880 f i libucrt:output.obj
 0001:00009880       ?type_case_Z@?$output_processor@DV?$stream_output_adapter@D@__crt_stdio_output@@V?$standard_base@DV?$stream_output_adapter@D@__crt_stdio_output@@@2@@__crt_stdio_output@@AEAA_NXZ 000000018000a880 f i libucrt:output.obj
 0001:000098f8       ?type_case_Z@?$output_processor@_WV?$string_output_adapter@_W@__crt_stdio_output@@V?$standard_base@_WV?$string_output_adapter@_W@__crt_stdio_output@@@2@@__crt_stdio_output@@AEAA_NXZ 000000018000a8f8 f i libucrt:output.obj
 0001:000098f8       ?type_case_Z@?$output_processor@_WV?$stream_output_adapter@_W@__crt_stdio_output@@V?$standard_base@_WV?$stream_output_adapter@_W@__crt_stdio_output@@@2@@__crt_stdio_output@@AEAA_NXZ 000000018000a8f8 f i libucrt:output.obj
 0001:00009974       ?type_case_a@?$output_processor@DV?$string_output_adapter@D@__crt_stdio_output@@V?$standard_base@DV?$string_output_adapter@D@__crt_stdio_output@@@2@@__crt_stdio_output@@AEAA_NXZ 000000018000a974 f i libucrt:output.obj
 0001:00009974       ?type_case_a@?$output_processor@DV?$stream_output_adapter@D@__crt_stdio_output@@V?$standard_base@DV?$stream_output_adapter@D@__crt_stdio_output@@@2@@__crt_stdio_output@@AEAA_NXZ 000000018000a974 f i libucrt:output.obj
 0001:00009b30       ?type_case_a@?$output_processor@_WV?$string_output_adapter@_W@__crt_stdio_output@@V?$standard_base@_WV?$string_output_adapter@_W@__crt_stdio_output@@@2@@__crt_stdio_output@@AEAA_NXZ 000000018000ab30 f i libucrt:output.obj
 0001:00009b30       ?type_case_a@?$output_processor@_WV?$stream_output_adapter@_W@__crt_stdio_output@@V?$standard_base@_WV?$stream_output_adapter@_W@__crt_stdio_output@@@2@@__crt_stdio_output@@AEAA_NXZ 000000018000ab30 f i libucrt:output.obj
 0001:00009d10       ?type_case_c_tchar@?$output_processor@DV?$stream_output_adapter@D@__crt_stdio_output@@V?$standard_base@DV?$stream_output_adapter@D@__crt_stdio_output@@@2@@__crt_stdio_output@@AEAA_ND@Z 000000018000ad10 f i libucrt:output.obj
 0001:00009d10       ?type_case_c_tchar@?$output_processor@DV?$string_output_adapter@D@__crt_stdio_output@@V?$standard_base@DV?$string_output_adapter@D@__crt_stdio_output@@@2@@__crt_stdio_output@@AEAA_ND@Z 000000018000ad10 f i libucrt:output.obj
 0001:00009dd4       ?type_case_c_tchar@?$output_processor@_WV?$string_output_adapter@_W@__crt_stdio_output@@V?$standard_base@_WV?$string_output_adapter@_W@__crt_stdio_output@@@2@@__crt_stdio_output@@AEAA_N_W@Z 000000018000add4 f i libucrt:output.obj
 0001:00009dd4       ?type_case_c_tchar@?$output_processor@_WV?$stream_output_adapter@_W@__crt_stdio_output@@V?$standard_base@_WV?$stream_output_adapter@_W@__crt_stdio_output@@@2@@__crt_stdio_output@@AEAA_N_W@Z 000000018000add4 f i libucrt:output.obj
 0001:00009e7c       ?type_case_integer@?$output_processor@DV?$stream_output_adapter@D@__crt_stdio_output@@V?$standard_base@DV?$stream_output_adapter@D@__crt_stdio_output@@@2@@__crt_stdio_output@@AEAA_NI_N@Z 000000018000ae7c f i libucrt:output.obj
 0001:00009e7c       ?type_case_integer@?$output_processor@DV?$string_output_adapter@D@__crt_stdio_output@@V?$standard_base@DV?$string_output_adapter@D@__crt_stdio_output@@@2@@__crt_stdio_output@@AEAA_NI_N@Z 000000018000ae7c f i libucrt:output.obj
 0001:0000a044       ?type_case_integer@?$output_processor@_WV?$stream_output_adapter@_W@__crt_stdio_output@@V?$standard_base@_WV?$stream_output_adapter@_W@__crt_stdio_output@@@2@@__crt_stdio_output@@AEAA_NI_N@Z 000000018000b044 f i libucrt:output.obj
 0001:0000a044       ?type_case_integer@?$output_processor@_WV?$string_output_adapter@_W@__crt_stdio_output@@V?$standard_base@_WV?$string_output_adapter@_W@__crt_stdio_output@@@2@@__crt_stdio_output@@AEAA_NI_N@Z 000000018000b044 f i libucrt:output.obj
 0001:0000a210       ?type_case_n@?$output_processor@_WV?$stream_output_adapter@_W@__crt_stdio_output@@V?$standard_base@_WV?$stream_output_adapter@_W@__crt_stdio_output@@@2@@__crt_stdio_output@@AEAA_NXZ 000000018000b210 f i libucrt:output.obj
 0001:0000a210       ?type_case_n@?$output_processor@_WV?$string_output_adapter@_W@__crt_stdio_output@@V?$standard_base@_WV?$string_output_adapter@_W@__crt_stdio_output@@@2@@__crt_stdio_output@@AEAA_NXZ 000000018000b210 f i libucrt:output.obj
 0001:0000a210       ?type_case_n@?$output_processor@DV?$stream_output_adapter@D@__crt_stdio_output@@V?$standard_base@DV?$stream_output_adapter@D@__crt_stdio_output@@@2@@__crt_stdio_output@@AEAA_NXZ 000000018000b210 f i libucrt:output.obj
 0001:0000a210       ?type_case_n@?$output_processor@DV?$string_output_adapter@D@__crt_stdio_output@@V?$standard_base@DV?$string_output_adapter@D@__crt_stdio_output@@@2@@__crt_stdio_output@@AEAA_NXZ 000000018000b210 f i libucrt:output.obj
 0001:0000a2ec       ?type_case_s@?$output_processor@DV?$stream_output_adapter@D@__crt_stdio_output@@V?$standard_base@DV?$stream_output_adapter@D@__crt_stdio_output@@@2@@__crt_stdio_output@@AEAA_NXZ 000000018000b2ec f i libucrt:output.obj
 0001:0000a2ec       ?type_case_s@?$output_processor@DV?$string_output_adapter@D@__crt_stdio_output@@V?$standard_base@DV?$string_output_adapter@D@__crt_stdio_output@@@2@@__crt_stdio_output@@AEAA_NXZ 000000018000b2ec f i libucrt:output.obj
 0001:0000a384       ?type_case_s@?$output_processor@_WV?$string_output_adapter@_W@__crt_stdio_output@@V?$standard_base@_WV?$string_output_adapter@_W@__crt_stdio_output@@@2@@__crt_stdio_output@@AEAA_NXZ 000000018000b384 f i libucrt:output.obj
 0001:0000a384       ?type_case_s@?$output_processor@_WV?$stream_output_adapter@_W@__crt_stdio_output@@V?$standard_base@_WV?$stream_output_adapter@_W@__crt_stdio_output@@@2@@__crt_stdio_output@@AEAA_NXZ 000000018000b384 f i libucrt:output.obj
 0001:0000a448       ?validate_stream_is_ansi_if_required@?$__acrt_stdio_char_traits@D@@SA_NQEAU_iobuf@@@Z 000000018000b448 f i libucrt:output.obj
 0001:0000a4dc       ?write_stored_string_tchar@?$output_processor@DV?$stream_output_adapter@D@__crt_stdio_output@@V?$standard_base@DV?$stream_output_adapter@D@__crt_stdio_output@@@2@@__crt_stdio_output@@AEAA_ND@Z 000000018000b4dc f i libucrt:output.obj
 0001:0000a600       ?write_stored_string_tchar@?$output_processor@DV?$string_output_adapter@D@__crt_stdio_output@@V?$standard_base@DV?$string_output_adapter@D@__crt_stdio_output@@@2@@__crt_stdio_output@@AEAA_ND@Z 000000018000b600 f i libucrt:output.obj
 0001:0000a6d8       ?write_stored_string_tchar@?$output_processor@_WV?$stream_output_adapter@_W@__crt_stdio_output@@V?$standard_base@_WV?$stream_output_adapter@_W@__crt_stdio_output@@@2@@__crt_stdio_output@@AEAA_N_W@Z 000000018000b6d8 f i libucrt:output.obj
 0001:0000a7e0       ?write_stored_string_tchar@?$output_processor@_WV?$string_output_adapter@_W@__crt_stdio_output@@V?$standard_base@_WV?$string_output_adapter@_W@__crt_stdio_output@@@2@@__crt_stdio_output@@AEAA_N_W@Z 000000018000b7e0 f i libucrt:output.obj
 0001:0000a8cc       ?write_string@?$string_output_adapter@D@__crt_stdio_output@@QEBAXQEBDHQEAHAEAV__crt_deferred_errno_cache@@@Z 000000018000b8cc f i libucrt:output.obj
 0001:0000a970       ?write_string@?$string_output_adapter@_W@__crt_stdio_output@@QEBAXQEB_WHQEAHAEAV__crt_deferred_errno_cache@@@Z 000000018000b970 f i libucrt:output.obj
 0001:0000aa18       ?write_string_impl@?$output_adapter_common@DV?$stream_output_adapter@D@__crt_stdio_output@@@__crt_stdio_output@@IEBAXQEBDHQEAHAEAV__crt_deferred_errno_cache@@@Z 000000018000ba18 f i libucrt:output.obj
 0001:0000ab10       ?write_string_impl@?$output_adapter_common@_WV?$stream_output_adapter@_W@__crt_stdio_output@@@__crt_stdio_output@@IEBAXQEB_WHQEAHAEAV__crt_deferred_errno_cache@@@Z 000000018000bb10 f i libucrt:output.obj
 0001:0000ac14       __stdio_common_vfprintf    000000018000bc14 f   libucrt:output.obj
 0001:0000aca0       __stdio_common_vfwprintf   000000018000bca0 f   libucrt:output.obj
 0001:0000ad2c       __stdio_common_vsprintf    000000018000bd2c f   libucrt:output.obj
 0001:0000ad34       __stdio_common_vswprintf   000000018000bd34 f   libucrt:output.obj
 0001:0000ad3c       free                       000000018000bd3c f   libucrt:free.obj
 0001:0000b728       ??$ftprintf@PEAU_iobuf@@PEB_WAEBQEB_WAEBQEB_WAEBI@?$__crt_char_traits@_W@@SAH$$QEAPEAU_iobuf@@$$QEAPEB_WAEBQEB_W2AEBI@Z 000000018000c728 f i libucrt:assert.obj
 0001:0000b750       _wassert                   000000018000c750 f   libucrt:assert.obj
 0001:0000b7d4       fwprintf                   000000018000c7d4 f i libucrt:assert.obj
 0001:0000b818       swprintf                   000000018000c818 f i libucrt:assert.obj
 0001:0000b86c       malloc                     000000018000c86c f   libucrt:malloc.obj
 0001:0000b874       __ascii_stricmp            000000018000c874 f   libucrt:stricmp.obj
 0001:0000b8b4       _stricmp                   000000018000c8b4 f   libucrt:stricmp.obj
 0001:0000b8fc       _stricmp_l                 000000018000c8fc f   libucrt:stricmp.obj
 0001:0000b9b0       __acrt_initialize_new_handler 000000018000c9b0 f   libucrt:new_handler.obj
 0001:0000b9b8       _callnewh                  000000018000c9b8 f   libucrt:new_handler.obj
 0001:0000b9e8       _query_new_handler         000000018000c9e8 f   libucrt:new_handler.obj
 0001:0000ba1c       _seh_filter_dll            000000018000ca1c f   libucrt:exception_filter.obj
 0001:0000ba30       _seh_filter_exe            000000018000ca30 f   libucrt:exception_filter.obj
 0001:0000be28       __acrt_initialize_thread_local_exit_callback 000000018000ce28 f   libucrt:exit.obj
 0001:0000be30       _cexit                     000000018000ce30 f   libucrt:exit.obj
 0001:0000be40       _exit                      000000018000ce40 f   libucrt:exit.obj
 0001:0000be4c       _is_c_termination_complete 000000018000ce4c f   libucrt:exit.obj
 0001:0000c018       __acrt_allocate_buffer_for_argv 000000018000d018 f   libucrt:argv_parsing.obj
 0001:0000c078       _configure_narrow_argv     000000018000d078 f   libucrt:argv_parsing.obj
 0001:0000c3f0       __dcrt_uninitialize_environments_nolock 000000018000d3f0 f   libucrt:environment_initialization.obj
 0001:0000c428       _initialize_narrow_environment 000000018000d428 f   libucrt:environment_initialization.obj
 0001:0000c7b8       _crt_atexit                000000018000d7b8 f   libucrt:onexit.obj
 0001:0000c7c8       _execute_onexit_table      000000018000d7c8 f   libucrt:onexit.obj
 0001:0000c804       _initialize_onexit_table   000000018000d804 f   libucrt:onexit.obj
 0001:0000c844       _register_onexit_function  000000018000d844 f   libucrt:onexit.obj
 0001:0000c8c4       __acrt_uninitialize_command_line 000000018000d8c4 f   libucrt:argv_data.obj
 0001:0000c9d0       __acrt_initialize          000000018000d9d0 f   libucrt:initialization.obj
 0001:0000c9e4       __acrt_thread_attach       000000018000d9e4 f   libucrt:initialization.obj
 0001:0000c9f8       __acrt_thread_detach       000000018000d9f8 f   libucrt:initialization.obj
 0001:0000ca08       __acrt_uninitialize        000000018000da08 f   libucrt:initialization.obj
 0001:0000ca40       __acrt_uninitialize_critical 000000018000da40 f   libucrt:initialization.obj
 0001:0000ca50       _initterm                  000000018000da50 f   libucrt:initterm.obj
 0001:0000cab4       _initterm_e                000000018000dab4 f   libucrt:initterm.obj
 0001:0000caf4       terminate                  000000018000daf4 f   libucrt:terminate.obj
 0001:0000cb14       strcpy_s                   000000018000db14 f   libucrt:strcpy_s.obj
 0001:0000cb84       abort                      000000018000db84 f   libucrt:abort.obj
 0001:0000cbdc       calloc                     000000018000dbdc f   libucrt:calloc.obj
 0001:0000cbe4       wcsncmp                    000000018000dbe4 f   libucrt:wcsncmp.obj
 0001:0000cc10       ??$parse_integer@KV?$c_string_character_source@D@__crt_strtox@@@__crt_strtox@@YAKQEAU__crt_locale_pointers@@V?$c_string_character_source@D@0@H_N@Z 000000018000dc10 f i libucrt:atox.obj
 0001:0000cf4c       ??$parse_integer@KV?$c_string_character_source@_W@__crt_strtox@@@__crt_strtox@@YAKQEAU__crt_locale_pointers@@V?$c_string_character_source@_W@0@H_N@Z 000000018000df4c f i libucrt:atox.obj
 0001:0000d610       strncmp                    000000018000e610 f   libucrt:strncmp.obj
 0001:0000d690       __acrt_call_reportfault    000000018000e690 f   libucrt:invalid_parameter.obj
 0001:0000d7ec       __acrt_initialize_invalid_parameter_handler 000000018000e7ec f   libucrt:invalid_parameter.obj
 0001:0000d7f4       _invalid_parameter         000000018000e7f4 f   libucrt:invalid_parameter.obj
 0001:0000d8a4       _invalid_parameter_noinfo  000000018000e8a4 f   libucrt:invalid_parameter.obj
 0001:0000d8c4       _invoke_watson             000000018000e8c4 f   libucrt:invalid_parameter.obj
 0001:0000d90c       __acrt_errno_from_os_error 000000018000e90c f   libucrt:errno.obj
 0001:0000d954       __acrt_errno_map_os_error  000000018000e954 f   libucrt:errno.obj
 0001:0000d9a4       __doserrno                 000000018000e9a4 f   libucrt:errno.obj
 0001:0000d9c4       _errno                     000000018000e9c4 f   libucrt:errno.obj
 0001:0000d9e4       _calloc_base               000000018000e9e4 f   libucrt:calloc_base.obj
 0001:0000da5c       _free_base                 000000018000ea5c f   libucrt:free_base.obj
 0001:0000dc74       __acrt_AppPolicyGetProcessTerminationMethodInternal 000000018000ec74 f   libucrt:winapi_thunks.obj
 0001:0000dcc4       __acrt_AppPolicyGetShowDeveloperDiagnosticInternal 000000018000ecc4 f   libucrt:winapi_thunks.obj
 0001:0000dd14       __acrt_AppPolicyGetWindowingModelInternal 000000018000ed14 f   libucrt:winapi_thunks.obj
 0001:0000dd64       __acrt_FlsAlloc            000000018000ed64 f   libucrt:winapi_thunks.obj
 0001:0000ddac       __acrt_FlsFree             000000018000edac f   libucrt:winapi_thunks.obj
 0001:0000ddf4       __acrt_FlsGetValue         000000018000edf4 f   libucrt:winapi_thunks.obj
 0001:0000de3c       __acrt_FlsSetValue         000000018000ee3c f   libucrt:winapi_thunks.obj
 0001:0000de90       __acrt_InitializeCriticalSectionEx 000000018000ee90 f   libucrt:winapi_thunks.obj
 0001:0000def4       __acrt_LCMapStringEx       000000018000eef4 f   libucrt:winapi_thunks.obj
 0001:0000dfd0       __acrt_LocaleNameToLCID    000000018000efd0 f   libucrt:winapi_thunks.obj
 0001:0000e020       __acrt_MessageBoxW         000000018000f020 f   libucrt:winapi_thunks.obj
 0001:0000e094       __acrt_can_show_message_box 000000018000f094 f   libucrt:winapi_thunks.obj
 0001:0000e104       __acrt_get_parent_window   000000018000f104 f   libucrt:winapi_thunks.obj
 0001:0000e180       __acrt_initialize_winapi_thunks 000000018000f180 f   libucrt:winapi_thunks.obj
 0001:0000e1c8       __acrt_is_interactive      000000018000f1c8 f   libucrt:winapi_thunks.obj
 0001:0000e290       __acrt_uninitialize_winapi_thunks 000000018000f290 f   libucrt:winapi_thunks.obj
 0001:0000e2d4       _fcloseall                 000000018000f2d4 f   libucrt:closeall.obj
 0001:0000e5a4       __acrt_stdio_flush_nolock  000000018000f5a4 f   libucrt:fflush.obj
 0001:0000e620       _fflush_nolock             000000018000f620 f   libucrt:fflush.obj
 0001:0000e66c       _flushall                  000000018000f66c f   libucrt:fflush.obj
 0001:0000e674       fflush                     000000018000f674 f   libucrt:fflush.obj
 0001:0000e6dc       __acrt_stdio_free_buffer_nolock 000000018000f6dc f   libucrt:_freebuf.obj
 0001:0000e904       __acrt_initialize_lowio    000000018000f904 f   libucrt:ioinit.obj
 0001:0000e940       __acrt_uninitialize_lowio  000000018000f940 f   libucrt:ioinit.obj
 0001:0000e980       isdigit                    000000018000f980 f i libucrt:_ctype.obj
 0001:0000ea48       _tolower_l                 000000018000fa48 f   libucrt:tolower_toupper.obj
 0001:0000eb88       tolower                    000000018000fb88 f   libucrt:tolower_toupper.obj
 0001:0000ebb4       _malloc_base               000000018000fbb4 f   libucrt:malloc_base.obj
 0001:0000ec14       strtol                     000000018000fc14 f   libucrt:strtox.obj
 0001:0000ec40       wcstol                     000000018000fc40 f   libucrt:strtox.obj
 0001:0000ec6c       _mbtowc_l                  000000018000fc6c f   libucrt:mbtowc.obj
 0001:0000ede8       mbtowc                     000000018000fde8 f   libucrt:mbtowc.obj
 0001:0000edf0       _wctomb_s_l                000000018000fdf0 f   libucrt:wctomb.obj
 0001:0000ef74       wctomb_s                   000000018000ff74 f   libucrt:wctomb.obj
 0001:0000ef88       strnlen                    000000018000ff88 f   libucrt:strnlen.obj
 0001:0000f0d8       wcsnlen                    00000001800100d8 f   libucrt:strnlen.obj
 0001:0000f628       __acrt_freeptd             0000000180010628 f   libucrt:per_thread_data.obj
 0001:0000f66c       __acrt_getptd              000000018001066c f   libucrt:per_thread_data.obj
 0001:0000f730       __acrt_getptd_head         0000000180010730 f   libucrt:per_thread_data.obj
 0001:0000f7d8       __acrt_getptd_noexit       00000001800107d8 f   libucrt:per_thread_data.obj
 0001:0000f890       __acrt_initialize_ptd      0000000180010890 f   libucrt:per_thread_data.obj
 0001:0000f8cc       __acrt_uninitialize_ptd    00000001800108cc f   libucrt:per_thread_data.obj
 0001:0000f8f0       __acrt_update_locale_info  00000001800108f0 f   libucrt:locale_update.obj
 0001:0000f924       __acrt_update_multibyte_info 0000000180010924 f   libucrt:locale_update.obj
 0001:00010328       __acrt_fp_format           0000000180011328 f   libucrt:cvt.obj
 0001:000105b0       _fputwc_nolock             00000001800115b0 f   libucrt:fputwc.obj
 0001:00010728       _fileno                    0000000180011728 f   libucrt:fileno.obj
 0001:00010750       _fputc_nolock              0000000180011750 f   libucrt:fputc.obj
 0001:00010768       _get_printf_count_output   0000000180011768 f   libucrt:printf_count_output.obj
 0001:00010780       __acrt_stdio_begin_temporary_buffering_nolock 0000000180011780 f   libucrt:_sftbuf.obj
 0001:00010850       __acrt_stdio_end_temporary_buffering_nolock 0000000180011850 f   libucrt:_sftbuf.obj
 0001:000108fc       __acrt_set_locale_changed  00000001800118fc f   libucrt:wsetlocale.obj
 0001:00010908       __acrt_uninitialize_locale 0000000180011908 f   libucrt:wsetlocale.obj
 0001:00010938       _query_app_type            0000000180011938 f   libucrt:report_runtime_error.obj
 0001:00010a70       _itow_s                    0000000180011a70 f   libucrt:xtoa.obj
 0001:00010a90       _set_error_mode            0000000180011a90 f   libucrt:set_error_mode.obj
 0001:00010ad0       wcscat_s                   0000000180011ad0 f   libucrt:wcscat_s.obj
 0001:00010b5c       wcscpy_s                   0000000180011b5c f   libucrt:wcscpy_s.obj
 0001:00010bd4       wcsncat_s                  0000000180011bd4 f   libucrt:wcsncat_s.obj
 0001:00010ce8       __acrt_GetModuleFileNameA  0000000180011ce8 f   libucrt:getmodulefilenamea.obj
 0001:00010d64       __acrt_show_wide_message_box 0000000180011d64 f   libucrt:crtmbox.obj
 0001:00010f38       setvbuf                    0000000180011f38 f   libucrt:setvbuf.obj
 0001:0001101c       __acrt_get_sigabrt_handler 000000018001201c f   libucrt:signal.obj
 0001:0001104c       __acrt_initialize_signal_handlers 000000018001204c f   libucrt:signal.obj
 0001:0001106c       raise                      000000018001206c f   libucrt:signal.obj
 0001:000112ec       __acrt_initialize_locks    00000001800122ec f   libucrt:locks.obj
 0001:00011334       __acrt_lock                0000000180012334 f   libucrt:locks.obj
 0001:00011350       __acrt_uninitialize_locks  0000000180012350 f   libucrt:locks.obj
 0001:00011388       __acrt_unlock              0000000180012388 f   libucrt:locks.obj
 0001:000113a4       __acrt_get_developer_information_policy 00000001800123a4 f   libucrt:win_policies.obj
 0001:000113f8       __acrt_get_process_end_policy 00000001800123f8 f   libucrt:win_policies.obj
 0001:00011434       __acrt_get_windowing_model_policy 0000000180012434 f   libucrt:win_policies.obj
 0001:00011a08       __acrt_expand_narrow_argv_wildcards 0000000180012a08 f   libucrt:argv_wildcards.obj
 0001:0001213c       __acrt_initialize_multibyte 000000018001313c f   libucrt:mbctype.obj
 0001:0001219c       __acrt_update_thread_multibyte_data 000000018001319c f   libucrt:mbctype.obj
 0001:000121b8       _setmbcp_nolock            00000001800131b8 f   libucrt:mbctype.obj
 0001:000124e8       _ismbblead                 00000001800134e8 f   libucrt:ismbbyte.obj
 0001:000124fc       __acrt_initialize_command_line 00000001800134fc f   libucrt:argv_data.obj
 0001:00012524       __acrt_MultiByteToWideChar 0000000180013524 f   libucrt:multibytetowidechar.obj
 0001:00012580       __acrt_WideCharToMultiByte 0000000180013580 f   libucrt:widechartomultibyte.obj
 0001:00012618       __dcrt_get_narrow_environment_from_os 0000000180013618 f   libucrt:get_environment_from_os.obj
 0001:0001271c       _recalloc                  000000018001371c f   libucrt:recalloc.obj
 0001:00012724       _recalloc_base             0000000180013724 f   libucrt:recalloc.obj
 0001:000127bc       __acrt_initialize_heap     00000001800137bc f   libucrt:heap_handle.obj
 0001:000127d8       __acrt_uninitialize_heap   00000001800137d8 f   libucrt:heap_handle.obj
 0001:000127e4       __acrt_execute_initializers 00000001800137e4 f   libucrt:shared_initialization.obj
 0001:00012864       __acrt_execute_uninitializers 0000000180013864 f   libucrt:shared_initialization.obj
 0001:000128a0       __acrt_has_user_matherr    00000001800138a0 f   libucrt:matherr.obj
 0001:000128c0       __acrt_initialize_user_matherr 00000001800138c0 f   libucrt:matherr.obj
 0001:000128c8       __acrt_invoke_user_matherr 00000001800138c8 f   libucrt:matherr.obj
 0001:000128f8       __pctype_func              00000001800138f8 f   libucrt:ctype.obj
 0001:00012928       iswctype                   0000000180013928 f   libucrt:iswctype.obj
 0001:00012998       _isctype_l                 0000000180013998 f   libucrt:isctype.obj
 0001:00012aac       _query_new_mode            0000000180013aac f   libucrt:new_mode.obj
 0001:00012b9c       __acrt_DownlevelLocaleNameToLCID 0000000180013b9c f   libucrt:lcidtoname_downlevel.obj
 0001:00012bd0       _fclose_nolock             0000000180013bd0 f   libucrt:fclose.obj
 0001:00012c54       fclose                     0000000180013c54 f   libucrt:fclose.obj
 0001:00012d44       _commit                    0000000180013d44 f   libucrt:commit.obj
 0001:00013380       _write                     0000000180014380 f   libucrt:write.obj
 0001:0001346c       _write_nolock              000000018001446c f   libucrt:write.obj
 0001:0001374c       __acrt_lowio_create_handle_array 000000018001474c f   libucrt:osfinfo.obj
 0001:000137e4       __acrt_lowio_destroy_handle_array 00000001800147e4 f   libucrt:osfinfo.obj
 0001:00013834       __acrt_lowio_ensure_fh_exists 0000000180014834 f   libucrt:osfinfo.obj
 0001:000138dc       __acrt_lowio_lock_fh       00000001800148dc f   libucrt:osfinfo.obj
 0001:00013900       __acrt_lowio_unlock_fh     0000000180014900 f   libucrt:osfinfo.obj
 0001:00013924       _free_osfhnd               0000000180014924 f   libucrt:osfinfo.obj
 0001:000139e0       _get_osfhandle             00000001800149e0 f   libucrt:osfinfo.obj
 0001:00013a58       _isleadbyte_l              0000000180014a58 f i libucrt:_wctype.obj
 0001:00013db0       __acrt_LCMapStringA        0000000180014db0 f   libucrt:lcmapstringa.obj
 0001:00013e48       ?__mbrtowc_utf8@__crt_mbstring@@YA_KPEA_WPEBD_KPEAU_Mbstatet@@@Z 0000000180014e48 f   libucrt:mbrtowc.obj
 0001:00013e84       ?__mbsrtowcs_utf8@__crt_mbstring@@YA_KPEA_WPEAPEBD_KPEAU_Mbstatet@@@Z 0000000180014e84 f   libucrt:mbrtowc.obj
 0001:00013ffc       __acrt_add_locale_ref      0000000180014ffc f   libucrt:locale_refcounting.obj
 0001:00014088       __acrt_free_locale         0000000180015088 f   libucrt:locale_refcounting.obj
 0001:00014200       __acrt_locale_add_lc_time_reference 0000000180015200 f   libucrt:locale_refcounting.obj
 0001:00014228       __acrt_locale_free_lc_time_if_unreferenced 0000000180015228 f   libucrt:locale_refcounting.obj
 0001:00014260       __acrt_locale_release_lc_time_reference 0000000180015260 f   libucrt:locale_refcounting.obj
 0001:00014288       __acrt_release_locale_ref  0000000180015288 f   libucrt:locale_refcounting.obj
 0001:00014330       __acrt_update_thread_locale_data 0000000180015330 f   libucrt:locale_refcounting.obj
 0001:000143a0       _updatetlocinfoEx_nolock   00000001800153a0 f   libucrt:locale_refcounting.obj
 0001:00014408       __acrt_fp_strflt_to_string 0000000180015408 f   libucrt:_fptostr.obj
 0001:000144f0       ?divide@__crt_strtox@@YA_KAEAUbig_integer@1@AEBU21@@Z 00000001800154f0 f i libucrt:cfout.obj
 0001:00014980       __acrt_fltout              0000000180015980 f   libucrt:cfout.obj
 0001:00015ea4       __acrt_stdio_flush_and_write_narrow_nolock 0000000180016ea4 f   libucrt:_flsbuf.obj
 0001:00015f8c       __acrt_stdio_flush_and_write_wide_nolock 0000000180016f8c f   libucrt:_flsbuf.obj
 0001:00016078       _isatty                    0000000180017078 f   libucrt:isatty.obj
 0001:000160d8       __acrt_locale_free_monetary 00000001800170d8 f   libucrt:initmon.obj
 0001:000161e4       __acrt_locale_free_numeric 00000001800171e4 f   libucrt:initnum.obj
 0001:000162a4       __acrt_locale_free_time    00000001800172a4 f   libucrt:inittime.obj
 0001:000163ac       __acrt_GetStringTypeA      00000001800173ac f   libucrt:getstringtypea.obj
 0001:00016740       _mbstowcs_l                0000000180017740 f   libucrt:mbstowcs.obj
 0001:00016748       mbstowcs                   0000000180017748 f   libucrt:mbstowcs.obj
 0001:00016770       qsort                      0000000180017770 f   libucrt:qsort.obj
 0001:00016b20       strncpy_s                  0000000180017b20 f   libucrt:strncpy_s.obj
 0001:00016cb0       strpbrk                    0000000180017cb0 f   libucrt:strpbrk.obj
 0001:00017090       ??$__acrt_convert_wcs_mbs@D_W$$A6A_KPEA_WPEBD_KPEAU__crt_locale_pointers@@@ZU__crt_win32_buffer_internal_dynamic_resizing@@@@YAHQEBDAEAV?$__crt_win32_buffer@_WU__crt_win32_buffer_internal_dynamic_resizing@@@@A6A_KPEA_WPEBD_KPEAU__crt_locale_pointers@@@Z5@Z 0000000180018090 f i libucrt:findfirstfileexa.obj
 0001:00017198       __acrt_FindFirstFileExA    0000000180018198 f   libucrt:findfirstfileexa.obj
 0001:0001723c       ??$__acrt_convert_wcs_mbs@_WD$$A6A_KPEADPEB_W_KPEAU__crt_locale_pointers@@@ZU__crt_win32_buffer_no_resizing@@@@YAHQEB_WAEAV?$__crt_win32_buffer@DU__crt_win32_buffer_no_resizing@@@@A6A_KPEADPEB_W_KPEAU__crt_locale_pointers@@@Z5@Z 000000018001823c f i libucrt:findnextfilea.obj
 0001:00017308       __acrt_FindNextFileA       0000000180018308 f   libucrt:findnextfilea.obj
 0001:0001743c       _mbsdec                    000000018001843c f   libucrt:mbsdec.obj
 0001:00017444       _mbsdec_l                  0000000180018444 f   libucrt:mbsdec.obj
 0001:000174f0       _msize                     00000001800184f0 f   libucrt:msize.obj
 0001:000174f8       _msize_base                00000001800184f8 f   libucrt:msize.obj
 0001:00017534       _realloc_base              0000000180018534 f   libucrt:realloc_base.obj
 0001:000175b0       __acrt_GetStringTypeW      00000001800185b0 f   libucrt:getstringtypew.obj
 0001:0001762c       _close                     000000018001862c f   libucrt:close.obj
 0001:000176d0       _close_nolock              00000001800186d0 f   libucrt:close.obj
 0001:0001778c       ?__acrt_stdio_free_stream@@YAXV__crt_stdio_stream@@@Z 000000018001878c f   libucrt:stream.obj
 0001:00017934       _lseeki64                  0000000180018934 f   libucrt:lseek.obj
 0001:0001793c       _lseeki64_nolock           000000018001893c f   libucrt:lseek.obj
 0001:00017944       _putwch_nolock             0000000180018944 f   libucrt:putwch.obj
 0001:00017980       __strncnt                  0000000180018980 f   libucrt:strncnt.obj
 0001:00017998       ?__mbrtoc32_utf8@__crt_mbstring@@YA_KPEA_UPEBD_KPEAU_Mbstatet@@@Z 0000000180018998 f   libucrt:mbrtoc32.obj
 0001:00017b74       fegetenv                   0000000180018b74 f   libucrt:fegetenv.obj
 0001:00017b94       fesetenv                   0000000180018b94 f   libucrt:fesetenv.obj
 0001:00017be4       feholdexcept               0000000180018be4 f   libucrt:feholdexcept.obj
 0001:00017c34       ceil                       0000000180018c34 f   libucrt:ceil.obj
 0001:00017d00       log10                      0000000180018d00 f   libucrt:log10.obj
 0001:000182ac       __acrt_stdio_allocate_buffer_nolock 00000001800192ac f   libucrt:_getbuf.obj
 0001:0001867c       _wcstombs_l                000000018001967c f   libucrt:wcstombs.obj
 0001:00018684       __dcrt_lowio_ensure_console_output_initialized 0000000180019684 f   libucrt:initcon.obj
 0001:000186d8       __dcrt_terminate_console_output 00000001800196d8 f   libucrt:initcon.obj
 0001:000186f4       __dcrt_write_console       00000001800196f4 f   libucrt:initcon.obj
 0001:000187b4       __acrt_fenv_get_control    00000001800197b4 f   libucrt:_fenvutils.obj
 0001:000188b4       __acrt_fenv_get_status     00000001800198b4 f   libucrt:_fenvutils.obj
 0001:0001890c       __acrt_fenv_set_control    000000018001990c f   libucrt:_fenvutils.obj
 0001:00018a54       __acrt_fenv_set_status     0000000180019a54 f   libucrt:_fenvutils.obj
 0001:00018ad8       _clearfp                   0000000180019ad8 f   libucrt:ieee.obj
 0001:00018c6c       _handle_error              0000000180019c6c f   libucrt:libm_error.obj
 0001:00018d94       _handle_nan                0000000180019d94 f   libucrt:libm_error.obj
 0001:00018db0       __acrt_initialize_fma3     0000000180019db0 f   libucrt:fma3_available.obj
 0001:00018e20       _log10_special             0000000180019e20 f   libucrt:log_special.obj
 0001:00018ed8       ?__wcsrtombs_utf8@__crt_mbstring@@YA_KPEADPEAPEB_W_KPEAU_Mbstatet@@@Z 0000000180019ed8 f   libucrt:wcrtomb.obj
 0001:00019010       _get_fpsr                  000000018001a010 f   libucrt:fpsr.obj
 0001:00019020       _set_fpsr                  000000018001a020 f   libucrt:fpsr.obj
 0001:0001902a       _fclrf                     000000018001a02a f   libucrt:fpsr.obj
 0001:0001903e       _frnd                      000000018001a03e f   libucrt:fpsr.obj
 0001:00019060       _raise_exc                 000000018001a060 f   libucrt:fpexcept.obj
 0001:00019088       _raise_exc_ex              000000018001a088 f   libucrt:fpexcept.obj
 0001:00019398       _set_errno_from_matherr    000000018001a398 f   libucrt:fpexcept.obj
 0001:000193c8       _clrfp                     000000018001a3c8 f   libucrt:fpctrl.obj
 0001:000193e8       _ctrlfp                    000000018001a3e8 f   libucrt:fpctrl.obj
 0001:00019464       _set_statfp                000000018001a464 f   libucrt:fpctrl.obj
 0001:00019484       _statfp                    000000018001a484 f   libucrt:fpctrl.obj
 0001:00019498       ?__c16rtomb_utf8@__crt_mbstring@@YA_KPEAD_SPEAU_Mbstatet@@@Z 000000018001a498 f   libucrt:c16rtomb.obj
 0001:00019540       ?__c32rtomb_utf8@__crt_mbstring@@YA_KPEAD_UPEAU_Mbstatet@@@Z 000000018001a540 f   libucrt:c32rtomb.obj
 0001:000195f8       c32rtomb                   000000018001a5f8 f   libucrt:c32rtomb.obj
 0001:000195fd       IsProcessorFeaturePresent  000000018001a5fd f   kernel32:KERNEL32.dll
 0001:00019604       ?DloadAcquireSectionWriteAccess@@YAXXZ 000000018001a604 f i DelayImp:delayhlp.obj
 0001:000196b0       ?DloadGetSRWLockFunctionPointers@@YAEXZ 000000018001a6b0 f i DelayImp:delayhlp.obj
 0001:0001974c       ?DloadMakePermanentImageCommit@@YAXPEAX_K@Z 000000018001a74c f i DelayImp:delayhlp.obj
 0001:000197e4       ?DloadObtainSection@@YAPEAXPEAK0@Z 000000018001a7e4 f i DelayImp:delayhlp.obj
 0001:00019880       ?DloadProtectSection@@YAXKPEAK@Z 000000018001a880 f i DelayImp:delayhlp.obj
 0001:00019910       ?DloadReleaseSectionWriteAccess@@YAXXZ 000000018001a910 f i DelayImp:delayhlp.obj
 0001:000199a4       __delayLoadHelper2         000000018001a9a4 f   DelayImp:delayhlp.obj
 0001:00019c70       _FindPESection             000000018001ac70 f   LIBCMT:pesect.obj
 0001:00019cc0       _IsNonwritableInCurrentImage 000000018001acc0 f   LIBCMT:pesect.obj
 0001:00019d10       _ValidateImageBase         000000018001ad10 f   LIBCMT:pesect.obj
 0001:00019d40       __GSHandlerCheck           000000018001ad40 f   LIBCMT:_gshandler_.obj
 0001:00019d60       __GSHandlerCheckCommon     000000018001ad60 f   LIBCMT:_gshandler_.obj
 0001:00019dd0       _alloca_probe              000000018001add0 f   LIBCMT:_chkstk_.obj
 0001:00019dd0       __chkstk                   000000018001add0 f   LIBCMT:_chkstk_.obj
 0001:00019e24       __GSHandlerCheck_EH        000000018001ae24 f   LIBCMT:gshandlereh.obj
 0001:00019ea4       strrchr                    000000018001aea4 f   libvcruntime:strrchr.obj
 0001:0001a000       memcmp                     000000018001b000 f   libvcruntime:memcmp.obj
 0001:0001a0e0       _guard_dispatch_icall_nop  000000018001b0e0 f   LIBCMT:_guard_dispatch_.obj
 0002:00000000       __imp_RegisterWaitForSingleObject 000000018001c000     kernel32:KERNEL32.dll
 0002:00000008       __imp_UnregisterWait       000000018001c008     kernel32:KERNEL32.dll
 0002:00000010       __imp_GetLastError         000000018001c010     kernel32:KERNEL32.dll
 0002:00000018       __imp_FormatMessageA       000000018001c018     kernel32:KERNEL32.dll
 0002:00000020       __imp_GetModuleHandleA     000000018001c020     kernel32:KERNEL32.dll
 0002:00000028       __imp_LoadLibraryExA       000000018001c028     kernel32:KERNEL32.dll
 0002:00000030       __imp_VirtualQuery         000000018001c030     kernel32:KERNEL32.dll
 0002:00000038       __imp_VirtualProtect       000000018001c038     kernel32:KERNEL32.dll
 0002:00000040       __imp_GetSystemInfo        000000018001c040     kernel32:KERNEL32.dll
 0002:00000048       __imp_CreateFileW          000000018001c048     kernel32:KERNEL32.dll
 0002:00000050       __imp_SetFilePointerEx     000000018001c050     kernel32:KERNEL32.dll
 0002:00000058       __imp_CloseHandle          000000018001c058     kernel32:KERNEL32.dll
 0002:00000060       __imp_HeapReAlloc          000000018001c060     kernel32:KERNEL32.dll
 0002:00000068       __imp_HeapSize             000000018001c068     kernel32:KERNEL32.dll
 0002:00000070       __imp_GetStringTypeW       000000018001c070     kernel32:KERNEL32.dll
 0002:00000078       __imp_SetStdHandle         000000018001c078     kernel32:KERNEL32.dll
 0002:00000080       __imp_GetConsoleMode       000000018001c080     kernel32:KERNEL32.dll
 0002:00000088       __imp_GetConsoleCP         000000018001c088     kernel32:KERNEL32.dll
 0002:00000090       __imp_FlushFileBuffers     000000018001c090     kernel32:KERNEL32.dll
 0002:00000098       __imp_GetProcessHeap       000000018001c098     kernel32:KERNEL32.dll
 0002:000000a0       __imp_FreeEnvironmentStringsW 000000018001c0a0     kernel32:KERNEL32.dll
 0002:000000a8       __imp_GetEnvironmentStringsW 000000018001c0a8     kernel32:KERNEL32.dll
 0002:000000b0       __imp_WideCharToMultiByte  000000018001c0b0     kernel32:KERNEL32.dll
 0002:000000b8       __imp_MultiByteToWideChar  000000018001c0b8     kernel32:KERNEL32.dll
 0002:000000c0       __imp_GetCommandLineW      000000018001c0c0     kernel32:KERNEL32.dll
 0002:000000c8       __imp_GetCommandLineA      000000018001c0c8     kernel32:KERNEL32.dll
 0002:000000d0       __imp_GetCPInfo            000000018001c0d0     kernel32:KERNEL32.dll
 0002:000000d8       __imp_GetOEMCP             000000018001c0d8     kernel32:KERNEL32.dll
 0002:000000e0       __imp_RtlCaptureContext    000000018001c0e0     kernel32:KERNEL32.dll
 0002:000000e8       __imp_RtlLookupFunctionEntry 000000018001c0e8     kernel32:KERNEL32.dll
 0002:000000f0       __imp_RtlVirtualUnwind     000000018001c0f0     kernel32:KERNEL32.dll
 0002:000000f8       __imp_UnhandledExceptionFilter 000000018001c0f8     kernel32:KERNEL32.dll
 0002:00000100       __imp_SetUnhandledExceptionFilter 000000018001c100     kernel32:KERNEL32.dll
 0002:00000108       __imp_GetCurrentProcess    000000018001c108     kernel32:KERNEL32.dll
 0002:00000110       __imp_TerminateProcess     000000018001c110     kernel32:KERNEL32.dll
 0002:00000118       __imp_IsProcessorFeaturePresent 000000018001c118     kernel32:KERNEL32.dll
 0002:00000120       __imp_IsDebuggerPresent    000000018001c120     kernel32:KERNEL32.dll
 0002:00000128       __imp_GetStartupInfoW      000000018001c128     kernel32:KERNEL32.dll
 0002:00000130       __imp_GetModuleHandleW     000000018001c130     kernel32:KERNEL32.dll
 0002:00000138       __imp_QueryPerformanceCounter 000000018001c138     kernel32:KERNEL32.dll
 0002:00000140       __imp_GetCurrentProcessId  000000018001c140     kernel32:KERNEL32.dll
 0002:00000148       __imp_GetCurrentThreadId   000000018001c148     kernel32:KERNEL32.dll
 0002:00000150       __imp_GetSystemTimeAsFileTime 000000018001c150     kernel32:KERNEL32.dll
 0002:00000158       __imp_InitializeSListHead  000000018001c158     kernel32:KERNEL32.dll
 0002:00000160       __imp_RtlUnwindEx          000000018001c160     kernel32:KERNEL32.dll
 0002:00000168       __imp_RtlPcToFileHeader    000000018001c168     kernel32:KERNEL32.dll
 0002:00000170       __imp_RaiseException       000000018001c170     kernel32:KERNEL32.dll
 0002:00000178       __imp_InterlockedFlushSList 000000018001c178     kernel32:KERNEL32.dll
 0002:00000180       __imp_SetLastError         000000018001c180     kernel32:KERNEL32.dll
 0002:00000188       __imp_EnterCriticalSection 000000018001c188     kernel32:KERNEL32.dll
 0002:00000190       __imp_LeaveCriticalSection 000000018001c190     kernel32:KERNEL32.dll
 0002:00000198       __imp_DeleteCriticalSection 000000018001c198     kernel32:KERNEL32.dll
 0002:000001a0       __imp_InitializeCriticalSectionAndSpinCount 000000018001c1a0     kernel32:KERNEL32.dll
 0002:000001a8       __imp_TlsAlloc             000000018001c1a8     kernel32:KERNEL32.dll
 0002:000001b0       __imp_TlsGetValue          000000018001c1b0     kernel32:KERNEL32.dll
 0002:000001b8       __imp_TlsSetValue          000000018001c1b8     kernel32:KERNEL32.dll
 0002:000001c0       __imp_TlsFree              000000018001c1c0     kernel32:KERNEL32.dll
 0002:000001c8       __imp_FreeLibrary          000000018001c1c8     kernel32:KERNEL32.dll
 0002:000001d0       __imp_GetProcAddress       000000018001c1d0     kernel32:KERNEL32.dll
 0002:000001d8       __imp_LoadLibraryExW       000000018001c1d8     kernel32:KERNEL32.dll
 0002:000001e0       __imp_EncodePointer        000000018001c1e0     kernel32:KERNEL32.dll
 0002:000001e8       __imp_GetStdHandle         000000018001c1e8     kernel32:KERNEL32.dll
 0002:000001f0       __imp_GetFileType          000000018001c1f0     kernel32:KERNEL32.dll
 0002:000001f8       __imp_GetModuleFileNameW   000000018001c1f8     kernel32:KERNEL32.dll
 0002:00000200       __imp_GetModuleHandleExW   000000018001c200     kernel32:KERNEL32.dll
 0002:00000208       __imp_WriteConsoleW        000000018001c208     kernel32:KERNEL32.dll
 0002:00000210       __imp_ExitProcess          000000018001c210     kernel32:KERNEL32.dll
 0002:00000218       __imp_HeapAlloc            000000018001c218     kernel32:KERNEL32.dll
 0002:00000220       __imp_HeapFree             000000018001c220     kernel32:KERNEL32.dll
 0002:00000228       __imp_LCMapStringW         000000018001c228     kernel32:KERNEL32.dll
 0002:00000230       __imp_WriteFile            000000018001c230     kernel32:KERNEL32.dll
 0002:00000238       __imp_OutputDebugStringW   000000018001c238     kernel32:KERNEL32.dll
 0002:00000240       __imp_FindClose            000000018001c240     kernel32:KERNEL32.dll
 0002:00000248       __imp_FindFirstFileExW     000000018001c248     kernel32:KERNEL32.dll
 0002:00000250       __imp_FindNextFileW        000000018001c250     kernel32:KERNEL32.dll
 0002:00000258       __imp_IsValidCodePage      000000018001c258     kernel32:KERNEL32.dll
 0002:00000260       __imp_GetACP               000000018001c260     kernel32:KERNEL32.dll
 0002:00000268       \177KERNEL32_NULL_THUNK_DATA 000000018001c268     kernel32:KERNEL32.dll
 0002:00000270       __imp_inet_ntop            000000018001c270     ws2_32:WS2_32.dll
 0002:00000278       \177WS2_32_NULL_THUNK_DATA 000000018001c278     ws2_32:WS2_32.dll
 0002:00000280       __imp_pcap_close           000000018001c280     wpcap:wpcap.dll
 0002:00000288       __imp_pcap_compile         000000018001c288     wpcap:wpcap.dll
 0002:00000290       __imp_pcap_set_snaplen     000000018001c290     wpcap:wpcap.dll
 0002:00000298       __imp_pcap_set_buffer_size 000000018001c298     wpcap:wpcap.dll
 0002:000002a0       __imp_pcap_findalldevs     000000018001c2a0     wpcap:wpcap.dll
 0002:000002a8       __imp_pcap_create          000000018001c2a8     wpcap:wpcap.dll
 0002:000002b0       __imp_pcap_sendpacket      000000018001c2b0     wpcap:wpcap.dll
 0002:000002b8       __imp_pcap_set_promisc     000000018001c2b8     wpcap:wpcap.dll
 0002:000002c0       __imp_pcap_freecode        000000018001c2c0     wpcap:wpcap.dll
 0002:000002c8       __imp_pcap_geterr          000000018001c2c8     wpcap:wpcap.dll
 0002:000002d0       __imp_pcap_activate        000000018001c2d0     wpcap:wpcap.dll
 0002:000002d8       __imp_pcap_setfilter       000000018001c2d8     wpcap:wpcap.dll
 0002:000002e0       __imp_pcap_dispatch        000000018001c2e0     wpcap:wpcap.dll
 0002:000002e8       __imp_pcap_getevent        000000018001c2e8     wpcap:wpcap.dll
 0002:000002f0       __imp_pcap_datalink        000000018001c2f0     wpcap:wpcap.dll
 0002:000002f8       __imp_pcap_set_timeout     000000018001c2f8     wpcap:wpcap.dll
[...]
 0004:000012fc       $pdata$__acrt_LCMapStringA 000000018002c2fc     libucrt:lcmapstringa.obj
 0004:00001308       $pdata$?__mbrtowc_utf8@__crt_mbstring@@YA_KPEA_WPEBD_KPEAU_Mbstatet@@@Z 000000018002c308     libucrt:mbrtowc.obj
 0004:00001314       $pdata$?__mbsrtowcs_utf8@__crt_mbstring@@YA_KPEA_WPEAPEBD_KPEAU_Mbstatet@@@Z 000000018002c314     libucrt:mbrtowc.obj
 0004:00001320       $pdata$__acrt_free_locale  000000018002c320     libucrt:locale_refcounting.obj
 0004:0000132c       $pdata$__acrt_locale_free_lc_time_if_unreferenced 000000018002c32c     libucrt:locale_refcounting.obj
 0004:00001338       $pdata$__acrt_release_locale_ref 000000018002c338     libucrt:locale_refcounting.obj
 0004:00001344       $pdata$__acrt_update_thread_locale_data 000000018002c344     libucrt:locale_refcounting.obj
 0004:00001350       $pdata$_updatetlocinfoEx_nolock 000000018002c350     libucrt:locale_refcounting.obj
 0004:0000135c       $pdata$__acrt_fp_strflt_to_string 000000018002c35c     libucrt:_fptostr.obj
 0004:00001368       $pdata$?divide@__crt_strtox@@YA_KAEAUbig_integer@1@AEBU21@@Z 000000018002c368     libucrt:cfout.obj
 0004:00001374       $pdata$0$?divide@__crt_strtox@@YA_KAEAUbig_integer@1@AEBU21@@Z 000000018002c374     libucrt:cfout.obj
 0004:00001380       $pdata$6$?divide@__crt_strtox@@YA_KAEAUbig_integer@1@AEBU21@@Z 000000018002c380     libucrt:cfout.obj
 0004:0000138c       $pdata$7$?divide@__crt_strtox@@YA_KAEAUbig_integer@1@AEBU21@@Z 000000018002c38c     libucrt:cfout.obj
 0004:00001398       $pdata$8$?divide@__crt_strtox@@YA_KAEAUbig_integer@1@AEBU21@@Z 000000018002c398     libucrt:cfout.obj
 0004:000013a4       $pdata$__acrt_fltout       000000018002c3a4     libucrt:cfout.obj
 0004:000013b0       $pdata$memcpy_s            000000018002c3b0     libucrt:cfout.obj
 0004:000013bc       $pdata$??$write_buffer_nolock@D@@YA_NDV__crt_stdio_stream@@@Z 000000018002c3bc     libucrt:_flsbuf.obj
 0004:000013c8       $pdata$??$write_buffer_nolock@_W@@YA_N_WV__crt_stdio_stream@@@Z 000000018002c3c8     libucrt:_flsbuf.obj
 0004:000013d4       $pdata$__acrt_stdio_flush_and_write_narrow_nolock 000000018002c3d4     libucrt:_flsbuf.obj
 0004:000013e0       $pdata$__acrt_stdio_flush_and_write_wide_nolock 000000018002c3e0     libucrt:_flsbuf.obj
 0004:000013ec       $pdata$_isatty             000000018002c3ec     libucrt:isatty.obj
 0004:000013f8       $pdata$__acrt_locale_free_monetary 000000018002c3f8     libucrt:initmon.obj
 0004:00001404       $pdata$__acrt_locale_free_numeric 000000018002c404     libucrt:initnum.obj
 0004:00001410       $pdata$?free_crt_array_internal@@YAXQEAPEBX_K@Z 000000018002c410     libucrt:inittime.obj
 0004:0000141c       $pdata$__acrt_locale_free_time 000000018002c41c     libucrt:inittime.obj
 0004:00001428       $pdata$__acrt_GetStringTypeA 000000018002c428     libucrt:getstringtypea.obj
 0004:00001434       $pdata$?_mbstowcs_l_helper@@YA_KPEA_WPEBD_KPEAU__crt_locale_pointers@@@Z 000000018002c434     libucrt:mbstowcs.obj
 0004:00001440       $pdata$qsort               000000018002c440     libucrt:qsort.obj
 0004:0000144c       $pdata$4$qsort             000000018002c44c     libucrt:qsort.obj
 0004:00001458       $pdata$5$qsort             000000018002c458     libucrt:qsort.obj
 0004:00001464       $pdata$strncpy_s           000000018002c464     libucrt:strncpy_s.obj
 0004:00001470       $pdata$fallbackMethod      000000018002c470     libucrt:strpbrk.obj
 0004:0000147c       $pdata$strpbrk             000000018002c47c     libucrt:strpbrk.obj
 0004:00001488       $pdata$??$__acrt_convert_wcs_mbs@D_W$$A6A_KPEA_WPEBD_KPEAU__crt_locale_pointers@@@ZU__crt_win32_buffer_internal_dynamic_resizing@@@@YAHQEBDAEAV?$__crt_win32_buffer@_WU__crt_win32_buffer_internal_dynamic_resizing@@@@A6A_KPEA_WPEBD_KPEAU__crt_locale_pointers@@@Z5@Z 000000018002c488     libucrt:findfirstfileexa.obj
 0004:00001494       $pdata$__acrt_FindFirstFileExA 000000018002c494     libucrt:findfirstfileexa.obj
 0004:000014a0       $pdata$??$__acrt_convert_wcs_mbs@_WD$$A6A_KPEADPEB_W_KPEAU__crt_locale_pointers@@@ZU__crt_win32_buffer_no_resizing@@@@YAHQEB_WAEAV?$__crt_win32_buffer@DU__crt_win32_buffer_no_resizing@@@@A6A_KPEADPEB_W_KPEAU__crt_locale_pointers@@@Z5@Z 000000018002c4a0     libucrt:findnextfilea.obj
 0004:000014ac       $pdata$__acrt_FindNextFileA 000000018002c4ac     libucrt:findnextfilea.obj
 0004:000014b8       $pdata$_mbsdec_l           000000018002c4b8     libucrt:mbsdec.obj
 0004:000014c4       $pdata$?initialize_multibyte@@YAHXZ 000000018002c4c4     libucrt:multibyte_initializer.obj
 0004:000014d0       $pdata$_msize_base         000000018002c4d0     libucrt:msize.obj
 0004:000014dc       $pdata$_realloc_base       000000018002c4dc     libucrt:realloc_base.obj
 0004:000014e8       $pdata$??$?RV<lambda_751a882b2c74d4b022dec766aa51a29a>@@AEAV<lambda_628dfdc04ba53c8bfc02c9951375f3f5>@@V<lambda_f6c7be5f7998530c34de24c7437d6b54>@@@?$__crt_seh_guarded_call@H@@QEAAH$$QEAV<lambda_751a882b2c74d4b022dec766aa51a29a>@@AEAV<lambda_628dfdc04ba53c8bfc02c9951375f3f5>@@$$QEAV<lambda_f6c7be5f7998530c34de24c7437d6b54>@@@Z 000000018002c4e8     libucrt:close.obj
 0004:000014f4       $pdata$_close              000000018002c4f4     libucrt:close.obj
 0004:00001500       $pdata$_close_nolock       000000018002c500     libucrt:close.obj
 0004:0000150c       $pdata$??$common_lseek@_J@@YA_JH_JH@Z 000000018002c50c     libucrt:lseek.obj
 0004:00001518       $pdata$??$common_lseek_nolock@_J@@YA_JH_JH@Z 000000018002c518     libucrt:lseek.obj
 0004:00001524       $pdata$_putwch_nolock      000000018002c524     libucrt:putwch.obj
 0004:00001530       $pdata$?__mbrtoc32_utf8@__crt_mbstring@@YA_KPEA_UPEBD_KPEAU_Mbstatet@@@Z 000000018002c530     libucrt:mbrtoc32.obj
 0004:0000153c       $pdata$fegetenv            000000018002c53c     libucrt:fegetenv.obj
 0004:00001548       $pdata$fesetenv            000000018002c548     libucrt:fesetenv.obj
 0004:00001554       $pdata$feholdexcept        000000018002c554     libucrt:feholdexcept.obj
 0004:0000156c       $pdata$__acrt_stdio_allocate_buffer_nolock 000000018002c56c     libucrt:_getbuf.obj
 0004:00001578       $pdata$?_wcstombs_l_helper@@YA_KPEADPEB_W_KPEAU__crt_locale_pointers@@@Z 000000018002c578     libucrt:wcstombs.obj
 0004:00001584       $pdata$__dcrt_lowio_ensure_console_output_initialized 000000018002c584     libucrt:initcon.obj
 0004:00001590       $pdata$__dcrt_terminate_console_output 000000018002c590     libucrt:initcon.obj
 0004:0000159c       $pdata$__dcrt_write_console 000000018002c59c     libucrt:initcon.obj
 0004:000015a8       $pdata$__acrt_fenv_set_control 000000018002c5a8     libucrt:_fenvutils.obj
 0004:000015b4       $pdata$_clearfp            000000018002c5b4     libucrt:ieee.obj
 0004:000015c0       $pdata$_call_matherr       000000018002c5c0     libucrt:libm_error.obj
 0004:000015cc       $pdata$_exception_enabled  000000018002c5cc     libucrt:libm_error.obj
 0004:000015d8       $pdata$_handle_error       000000018002c5d8     libucrt:libm_error.obj
 0004:000015e4       $pdata$__acrt_initialize_fma3 000000018002c5e4     libucrt:fma3_available.obj
 0004:000015f0       $pdata$_log10_special      000000018002c5f0     libucrt:log_special.obj
 0004:000015fc       $pdata$_log_special_common 000000018002c5fc     libucrt:log_special.obj
 0004:00001608       $pdata$?__wcsrtombs_utf8@__crt_mbstring@@YA_KPEADPEAPEB_W_KPEAU_Mbstatet@@@Z 000000018002c608     libucrt:wcrtomb.obj
 0004:00001620       $pdata$_raise_exc          000000018002c620     libucrt:fpexcept.obj
 0004:0000162c       $pdata$_raise_exc_ex       000000018002c62c     libucrt:fpexcept.obj
 0004:00001638       $pdata$_set_errno_from_matherr 000000018002c638     libucrt:fpexcept.obj
 0004:00001644       $pdata$_clrfp              000000018002c644     libucrt:fpctrl.obj
 0004:00001650       $pdata$_ctrlfp             000000018002c650     libucrt:fpctrl.obj
 0004:0000165c       $pdata$_set_statfp         000000018002c65c     libucrt:fpctrl.obj
 0004:00001668       $pdata$_statfp             000000018002c668     libucrt:fpctrl.obj
 0004:00001674       $pdata$?__c16rtomb_utf8@__crt_mbstring@@YA_KPEAD_SPEAU_Mbstatet@@@Z 000000018002c674     libucrt:c16rtomb.obj
 0004:00001680       $pdata$?__c32rtomb_utf8@__crt_mbstring@@YA_KPEAD_UPEAU_Mbstatet@@@Z 000000018002c680     libucrt:c32rtomb.obj
 0004:0000168c       $pdata$?DloadAcquireSectionWriteAccess@@YAXXZ 000000018002c68c     DelayImp:delayhlp.obj
 0004:00001698       $pdata$?DloadGetSRWLockFunctionPointers@@YAEXZ 000000018002c698     DelayImp:delayhlp.obj
 0004:000016a4       $pdata$?DloadMakePermanentImageCommit@@YAXPEAX_K@Z 000000018002c6a4     DelayImp:delayhlp.obj
 0004:000016b0       $pdata$?DloadObtainSection@@YAPEAXPEAK0@Z 000000018002c6b0     DelayImp:delayhlp.obj
 0004:000016bc       $pdata$?DloadProtectSection@@YAXKPEAK@Z 000000018002c6bc     DelayImp:delayhlp.obj
 0004:000016c8       $pdata$?DloadReleaseSectionWriteAccess@@YAXXZ 000000018002c6c8     DelayImp:delayhlp.obj
 0004:000016d4       $pdata$__delayLoadHelper2  000000018002c6d4     DelayImp:delayhlp.obj
 0004:000016e0       $pdata$_IsNonwritableInCurrentImage 000000018002c6e0     LIBCMT:pesect.obj
 0004:000016ec       $pdata$__GSHandlerCheck    000000018002c6ec     LIBCMT:_gshandler_.obj
 0004:000016f8       $pdata$__GSHandlerCheckCommon 000000018002c6f8     LIBCMT:_gshandler_.obj
 0004:00001710       $pdata$__GSHandlerCheck_EH 000000018002c710     LIBCMT:gshandlereh.obj
 0004:0000171c       $pdata$strrchr             000000018002c71c     libvcruntime:strrchr.obj
 0004:00001740       $pdata$__scrt_is_nonwritable_in_current_image$filt$0 000000018002c740     LIBCMT:utility.obj
 0004:0000174c       $pdata$?fin$0@?0??dllmain_crt_process_attach@@YAHQEAUHINSTANCE__@@QEAX@Z@4HA 000000018002c74c     LIBCMT:dll_dllmain.obj
 0004:00001758       $pdata$?fin$0@?0??dllmain_crt_process_detach@@YAH_N@Z@4HA 000000018002c758     LIBCMT:dll_dllmain.obj
 0004:00001764       $pdata$?filt$0@?0??dllmain_dispatch@@YAHQEAUHINSTANCE__@@KQEAX@Z@4HA 000000018002c764     LIBCMT:dll_dllmain.obj
 0004:00001770       $pdata$__DestructExceptionObject$filt$0 000000018002c770     libvcruntime:ehhelpers.obj
 0004:0000177c       $pdata$?filt$0@?0???$_CallSETranslator@V__FrameHandler3@@@@YAHPEAUEHExceptionRecord@@PEA_KPEAU_CONTEXT@@PEAU_xDISPATCHER_CONTEXT@@PEBU_s_FuncInfo@@K1@Z@4HA 000000018002c77c     libvcruntime:risctrnsctrl.obj
 0004:00001788       $pdata$?filt$0@?0??CxxCallCatchBlock@__FrameHandler3@@SAPEAXPEAU_EXCEPTION_RECORD@@@Z@4HA 000000018002c788     libvcruntime:frame.obj
 0004:00001794       $pdata$?fin$1@?0??CxxCallCatchBlock@__FrameHandler3@@SAPEAXPEAU_EXCEPTION_RECORD@@@Z@4HA 000000018002c794     libvcruntime:frame.obj
 0004:000017a0       $pdata$?filt$0@?0??FrameUnwindToState@__FrameHandler3@@SAXPEA_KPEAU_xDISPATCHER_CONTEXT@@PEBU_s_FuncInfo@@H@Z@4HA 000000018002c7a0     libvcruntime:frame.obj
 0004:000017ac       $pdata$?fin$1@?0??FrameUnwindToState@__FrameHandler3@@SAXPEA_KPEAU_xDISPATCHER_CONTEXT@@PEBU_s_FuncInfo@@H@Z@4HA 000000018002c7ac     libvcruntime:frame.obj
 0004:000017b8       $pdata$?fin$0@?0???$?RV<lambda_0d412022a4b28cc8a401ea49574e8ae6>@@AEAV<lambda_a775ed57af18ba8e4d5dc780aa9068fe>@@V<lambda_975a71a6baa488a08f4e15f6b0339b9e>@@@?$__crt_seh_guarded_call@H@@QEAAH$$QEAV<lambda_0d412022a4b28cc8a401ea49574e8ae6>@@AEAV<lambda_a775ed57af18ba8e4d5dc780aa9068fe>@@$$QEAV<lambda_975a71a6baa488a08f4e15f6b0339b9e>@@@Z@4HA 000000018002c7b8     libucrt:output.obj
 0004:000017b8       $pdata$?fin$0@?0???$?RV<lambda_84ec643ea9557e2f7dc01bb0e9624395>@@AEAV<lambda_ca71763b3c0644891230e4f79ea54fa6>@@V<lambda_439a761618c59b0600e24586724d733b>@@@?$__crt_seh_guarded_call@H@@QEAAH$$QEAV<lambda_84ec643ea9557e2f7dc01bb0e9624395>@@AEAV<lambda_ca71763b3c0644891230e4f79ea54fa6>@@$$QEAV<lambda_439a761618c59b0600e24586724d733b>@@@Z@4HA 000000018002c7b8     libucrt:setvbuf.obj
 0004:000017b8       $pdata$?fin$0@?0???$?RV<lambda_842d9ff0dc9ef11c61343bbaebe7f885>@@AEAV<lambda_c5860995281e5c4ce005b3de8f5874ee>@@V<lambda_d90129c13df834fdcbf8d2b88dafcf2d>@@@?$__crt_seh_guarded_call@X@@QEAAX$$QEAV<lambda_842d9ff0dc9ef11c61343bbaebe7f885>@@AEAV<lambda_c5860995281e5c4ce005b3de8f5874ee>@@$$QEAV<lambda_d90129c13df834fdcbf8d2b88dafcf2d>@@@Z@4HA 000000018002c7b8     libucrt:fflush.obj
 0004:000017b8       $pdata$?fin$0@?0???$?RV<lambda_a62c933ada0517137acf5807a1eeac1f>@@AEAV<lambda_a31071773b9a94e445cbd5d04ef99106>@@V<lambda_56065050dbf3ada7e59a83db45153de3>@@@?$__crt_seh_guarded_call@H@@QEAAH$$QEAV<lambda_a62c933ada0517137acf5807a1eeac1f>@@AEAV<lambda_a31071773b9a94e445cbd5d04ef99106>@@$$QEAV<lambda_56065050dbf3ada7e59a83db45153de3>@@@Z@4HA 000000018002c7b8     libucrt:output.obj
 0004:000017b8       $pdata$?fin$0@?0???$?RV<lambda_c376a267cfb53b6959b3b692ec76b120>@@AEAV<lambda_9a32fed5bf61b6b509b2d3f6003082a1>@@V<lambda_572fbb9fa0ab338edf41edfd4b5fcc8d>@@@?$__crt_seh_guarded_call@H@@QEAAH$$QEAV<lambda_c376a267cfb53b6959b3b692ec76b120>@@AEAV<lambda_9a32fed5bf61b6b509b2d3f6003082a1>@@$$QEAV<lambda_572fbb9fa0ab338edf41edfd4b5fcc8d>@@@Z@4HA 000000018002c7b8     libucrt:fflush.obj
 0004:000017c4       $pdata$_query_new_handler$fin$0 000000018002c7c4     libucrt:new_handler.obj
 0004:000017d0       $pdata$?fin$0@?0???$?RV<lambda_2d41944a1d46af3157314b8a01080d33>@@AEAV<lambda_8f455de75cd7d7f24b4096f044d8b9e6>@@V<lambda_aa500f224e6afead328df44964fe2772>@@@?$__crt_seh_guarded_call@X@@QEAAX$$QEAV<lambda_2d41944a1d46af3157314b8a01080d33>@@AEAV<lambda_8f455de75cd7d7f24b4096f044d8b9e6>@@$$QEAV<lambda_aa500f224e6afead328df44964fe2772>@@@Z@4HA 000000018002c7d0     libucrt:per_thread_data.obj
 0004:000017d0       $pdata$?fin$0@?0???$?RV<lambda_f2e299630e499de9f9a165e60fcd3db5>@@AEAV<lambda_2ae9d31cdba2644fcbeaf08da7c24588>@@V<lambda_40d01ff24d0e7b3814fdbdcee8eab3c7>@@@?$__crt_seh_guarded_call@X@@QEAAX$$QEAV<lambda_f2e299630e499de9f9a165e60fcd3db5>@@AEAV<lambda_2ae9d31cdba2644fcbeaf08da7c24588>@@$$QEAV<lambda_40d01ff24d0e7b3814fdbdcee8eab3c7>@@@Z@4HA 000000018002c7d0     libucrt:per_thread_data.obj
 0004:000017d0       $pdata$?fin$0@?0???$?RV<lambda_aa87e3671a710a21b5dc78c0bdf72e11>@@AEAV<lambda_92619d2358a28f41a33ba319515a20b9>@@V<lambda_6992ecaafeb10aed2b74cb1fae11a551>@@@?$__crt_seh_guarded_call@X@@QEAAX$$QEAV<lambda_aa87e3671a710a21b5dc78c0bdf72e11>@@AEAV<lambda_92619d2358a28f41a33ba319515a20b9>@@$$QEAV<lambda_6992ecaafeb10aed2b74cb1fae11a551>@@@Z@4HA 000000018002c7d0     libucrt:per_thread_data.obj
 0004:000017d0       $pdata$?fin$0@?0???$?RV<lambda_d80eeec6fff315bfe5c115232f3240e3>@@AEAV<lambda_6e4b09c48022b2350581041d5f6b0c4c>@@V<lambda_2358e3775559c9db80273638284d5e45>@@@?$__crt_seh_guarded_call@X@@QEAAX$$QEAV<lambda_d80eeec6fff315bfe5c115232f3240e3>@@AEAV<lambda_6e4b09c48022b2350581041d5f6b0c4c>@@$$QEAV<lambda_2358e3775559c9db80273638284d5e45>@@@Z@4HA 000000018002c7d0     libucrt:exit.obj
 0004:000017d0       $pdata$?fin$0@?0???$?RV<lambda_8369fcb7c4df1e85de37618bd2b85f07>@@AEAV<lambda_a10e4b102d4a2c3aac6f4f48bbdf488f>@@V<lambda_5b7707bd6d7a0c4713179f36c7fd995d>@@@?$__crt_seh_guarded_call@H@@QEAAH$$QEAV<lambda_8369fcb7c4df1e85de37618bd2b85f07>@@AEAV<lambda_a10e4b102d4a2c3aac6f4f48bbdf488f>@@$$QEAV<lambda_5b7707bd6d7a0c4713179f36c7fd995d>@@@Z@4HA 000000018002c7d0     libucrt:onexit.obj
 0004:000017d0       $pdata$?fin$0@?0???$?RV<lambda_7777bce6b2f8c936911f934f8298dc43>@@AEAV<lambda_f03950bc5685219e0bcd2087efbe011e>@@V<lambda_3883c3dff614d5e0c5f61bb1ac94921c>@@@?$__crt_seh_guarded_call@H@@QEAAH$$QEAV<lambda_7777bce6b2f8c936911f934f8298dc43>@@AEAV<lambda_f03950bc5685219e0bcd2087efbe011e>@@$$QEAV<lambda_3883c3dff614d5e0c5f61bb1ac94921c>@@@Z@4HA 000000018002c7d0     libucrt:onexit.obj
 0004:000017d0       $pdata$?fin$0@?0???$?RV<lambda_efdfa57d1f175319df784efa44bb7b81>@@AEAV<lambda_5f0a4c1567f8adc6734073e5d1e1b35c>@@V<lambda_2e8a7d3640ea6ccb4c2413664c2db6fd>@@@?$__crt_seh_guarded_call@X@@QEAAX$$QEAV<lambda_efdfa57d1f175319df784efa44bb7b81>@@AEAV<lambda_5f0a4c1567f8adc6734073e5d1e1b35c>@@$$QEAV<lambda_2e8a7d3640ea6ccb4c2413664c2db6fd>@@@Z@4HA 000000018002c7d0     libucrt:mbctype.obj
 0004:000017d0       $pdata$?fin$0@?0???$?RV<lambda_0ae27a3a962d80f24befdcbee591983d>@@AEAV<lambda_8d0ee55de4b1038c4002e0adecdf1839>@@V<lambda_dc504788e8f1664fe9b84e20bfb512f2>@@@?$__crt_seh_guarded_call@X@@QEAAX$$QEAV<lambda_0ae27a3a962d80f24befdcbee591983d>@@AEAV<lambda_8d0ee55de4b1038c4002e0adecdf1839>@@$$QEAV<lambda_dc504788e8f1664fe9b84e20bfb512f2>@@@Z@4HA 000000018002c7d0     libucrt:per_thread_data.obj
 0004:000017d0       $pdata$?fin$0@?0???$?RV<lambda_450d765d439847d4c735a33c368b5fc0>@@AEAV<lambda_44731a7d0e6d81c3e6aa82d741081786>@@V<lambda_601a2a7da3b7a96e9554ac7215c4b07c>@@@?$__crt_seh_guarded_call@P6AXH@Z@@QEAAP6AXH@Z$$QEAV<lambda_450d765d439847d4c735a33c368b5fc0>@@AEAV<lambda_44731a7d0e6d81c3e6aa82d741081786>@@$$QEAV<lambda_601a2a7da3b7a96e9554ac7215c4b07c>@@@Z@4HA 000000018002c7d0     libucrt:signal.obj
 0004:000017dc       $pdata$?filt$0@?0???R<lambda_6e4b09c48022b2350581041d5f6b0c4c>@@QEBA@XZ@4HA 000000018002c7dc     libucrt:exit.obj
 0004:000017e8       $pdata$_fcloseall$fin$0    000000018002c7e8     libucrt:closeall.obj
 0004:000017f4       $pdata$?fin$0@?0???$?RV<lambda_886d6c58226a84441f68b9f2b8217b83>@@AEAV<lambda_ab61a845afdef5b7c387490eaf3616ee>@@V<lambda_f7f22ab5edc0698d5f6905b0d3f44752>@@@?$__crt_seh_guarded_call@X@@QEAAX$$QEAV<lambda_886d6c58226a84441f68b9f2b8217b83>@@AEAV<lambda_ab61a845afdef5b7c387490eaf3616ee>@@$$QEAV<lambda_f7f22ab5edc0698d5f6905b0d3f44752>@@@Z@4HA 000000018002c7f4     libucrt:fflush.obj
 0004:00001800       $pdata$__acrt_initialize_lowio$fin$0 000000018002c800     libucrt:ioinit.obj
 0004:00001800       $pdata$__acrt_lowio_ensure_fh_exists$fin$0 000000018002c800     libucrt:osfinfo.obj
 0004:0000180c       $pdata$?fin$0@?0???$?RV<lambda_410d79af7f07d98d83a3f525b3859a53>@@AEAV<lambda_3e16ef9562a7dcce91392c22ab16ea36>@@V<lambda_38119f0e861e05405d8a144b9b982f0a>@@@?$__crt_seh_guarded_call@X@@QEAAX$$QEAV<lambda_410d79af7f07d98d83a3f525b3859a53>@@AEAV<lambda_3e16ef9562a7dcce91392c22ab16ea36>@@$$QEAV<lambda_38119f0e861e05405d8a144b9b982f0a>@@@Z@4HA 000000018002c80c     libucrt:wsetlocale.obj
 0004:00001818       $pdata$raise$fin$0         000000018002c818     libucrt:signal.obj
 0004:00001824       $pdata$?fin$0@?0??update_thread_multibyte_data_internal@@YAPEAU__crt_multibyte_data@@QEAU__acrt_ptd@@QEAPEAU1@@Z@4HA 000000018002c824     libucrt:mbctype.obj
 0004:00001830       $pdata$fclose$fin$0        000000018002c830     libucrt:fclose.obj
 0004:0000183c       $pdata$?fin$0@?0???$?RV<lambda_751a882b2c74d4b022dec766aa51a29a>@@AEAV<lambda_628dfdc04ba53c8bfc02c9951375f3f5>@@V<lambda_f6c7be5f7998530c34de24c7437d6b54>@@@?$__crt_seh_guarded_call@H@@QEAAH$$QEAV<lambda_751a882b2c74d4b022dec766aa51a29a>@@AEAV<lambda_628dfdc04ba53c8bfc02c9951375f3f5>@@$$QEAV<lambda_f6c7be5f7998530c34de24c7437d6b54>@@@Z@4HA 000000018002c83c     libucrt:close.obj
 0004:0000183c       $pdata$?fin$0@?0???$?RV<lambda_a37b2b86f63e897a80ea819b0eb08c01>@@AEAV<lambda_38ce7e780aa69e748d6df282ebc68efe>@@V<lambda_99fb1378e971ab6e7edea83e3a7a83a2>@@@?$__crt_seh_guarded_call@H@@QEAAH$$QEAV<lambda_a37b2b86f63e897a80ea819b0eb08c01>@@AEAV<lambda_38ce7e780aa69e748d6df282ebc68efe>@@$$QEAV<lambda_99fb1378e971ab6e7edea83e3a7a83a2>@@@Z@4HA 000000018002c83c     libucrt:commit.obj
 0004:00001848       $pdata$_write$fin$0        000000018002c848     libucrt:write.obj
 0004:00001848       $pdata$?fin$0@?0???$common_lseek@_J@@YA_JH_JH@Z@4HA 000000018002c848     libucrt:lseek.obj
 0004:00001854       $pdata$__acrt_update_thread_locale_data$fin$0 000000018002c854     libucrt:locale_refcounting.obj
 0004:00001860       $pdata$_ctrlfp$filt$0      000000018002c860     libucrt:fpctrl.obj
 0004:0000186c       $pdata$_IsNonwritableInCurrentImage$filt$0 000000018002c86c     LIBCMT:pesect.obj
 0005:00000060       $R000000                   000000018002d060     * linker generated manifest res *

 Exports

  ordinal    name

        1    _register_cap_
